Component: ARM Compiler 5.06 update 6 (build 750) Tool: armlink [4d35ed]

==============================================================================

Section Cross References

    startup_stm32f427xx.o(STACK) refers (Special) to heapauxi.o(.text) for __use_two_region_memory
    startup_stm32f427xx.o(HEAP) refers (Special) to heapauxi.o(.text) for __use_two_region_memory
    startup_stm32f427xx.o(RESET) refers (Special) to heapauxi.o(.text) for __use_two_region_memory
    startup_stm32f427xx.o(RESET) refers to startup_stm32f427xx.o(STACK) for __initial_sp
    startup_stm32f427xx.o(RESET) refers to startup_stm32f427xx.o(.text) for Reset_Handler
    startup_stm32f427xx.o(RESET) refers to stm32f4xx_it.o(i.NMI_Handler) for NMI_Handler
    startup_stm32f427xx.o(RESET) refers to stm32f4xx_it.o(i.HardFault_Handler) for HardFault_Handler
    startup_stm32f427xx.o(RESET) refers to stm32f4xx_it.o(i.MemManage_Handler) for MemManage_Handler
    startup_stm32f427xx.o(RESET) refers to stm32f4xx_it.o(i.BusFault_Handler) for BusFault_Handler
    startup_stm32f427xx.o(RESET) refers to stm32f4xx_it.o(i.UsageFault_Handler) for UsageFault_Handler
    startup_stm32f427xx.o(RESET) refers to port.o(.emb_text) for SVC_Handler
    startup_stm32f427xx.o(RESET) refers to stm32f4xx_it.o(i.DebugMon_Handler) for DebugMon_Handler
    startup_stm32f427xx.o(RESET) refers to stm32f4xx_it.o(i.SysTick_Handler) for SysTick_Handler
    startup_stm32f427xx.o(RESET) refers to stm32f4xx_it.o(i.EXTI2_IRQHandler) for EXTI2_IRQHandler
    startup_stm32f427xx.o(RESET) refers to stm32f4xx_it.o(i.DMA1_Stream0_IRQHandler) for DMA1_Stream0_IRQHandler
    startup_stm32f427xx.o(RESET) refers to stm32f4xx_it.o(i.DMA1_Stream2_IRQHandler) for DMA1_Stream2_IRQHandler
    startup_stm32f427xx.o(RESET) refers to stm32f4xx_it.o(i.DMA1_Stream4_IRQHandler) for DMA1_Stream4_IRQHandler
    startup_stm32f427xx.o(RESET) refers to stm32f4xx_it.o(i.DMA1_Stream6_IRQHandler) for DMA1_Stream6_IRQHandler
    startup_stm32f427xx.o(RESET) refers to stm32f4xx_it.o(i.CAN1_RX0_IRQHandler) for CAN1_RX0_IRQHandler
    startup_stm32f427xx.o(RESET) refers to stm32f4xx_it.o(i.TIM2_IRQHandler) for TIM2_IRQHandler
    startup_stm32f427xx.o(RESET) refers to hc_sr04task.o(i.TIM5_IRQHandler) for TIM5_IRQHandler
    startup_stm32f427xx.o(RESET) refers to stm32f4xx_it.o(i.UART4_IRQHandler) for UART4_IRQHandler
    startup_stm32f427xx.o(RESET) refers to stm32f4xx_it.o(i.USART6_IRQHandler) for USART6_IRQHandler
    startup_stm32f427xx.o(RESET) refers to chassis_task.o(i.UART8_IRQHandler) for UART8_IRQHandler
    startup_stm32f427xx.o(.text) refers (Special) to heapauxi.o(.text) for __use_two_region_memory
    startup_stm32f427xx.o(.text) refers to system_stm32f4xx.o(i.SystemInit) for SystemInit
    startup_stm32f427xx.o(.text) refers to __main.o(!!!main) for __main
    startup_stm32f427xx.o(.text) refers to startup_stm32f427xx.o(HEAP) for Heap_Mem
    startup_stm32f427xx.o(.text) refers to startup_stm32f427xx.o(STACK) for Stack_Mem
    main.o(i.SystemClock_Config) refers to rt_memclr_w.o(.text) for __aeabi_memclr4
    main.o(i.SystemClock_Config) refers to stm32f4xx_hal_rcc.o(i.HAL_RCC_OscConfig) for HAL_RCC_OscConfig
    main.o(i.SystemClock_Config) refers to main.o(i.Error_Handler) for Error_Handler
    main.o(i.SystemClock_Config) refers to stm32f4xx_hal_rcc.o(i.HAL_RCC_ClockConfig) for HAL_RCC_ClockConfig
    main.o(i.main) refers to stm32f4xx_hal.o(i.HAL_Init) for HAL_Init
    main.o(i.main) refers to main.o(i.SystemClock_Config) for SystemClock_Config
    main.o(i.main) refers to gpio.o(i.MX_GPIO_Init) for MX_GPIO_Init
    main.o(i.main) refers to dma.o(i.MX_DMA_Init) for MX_DMA_Init
    main.o(i.main) refers to usart.o(i.MX_UART4_Init) for MX_UART4_Init
    main.o(i.main) refers to usart.o(i.MX_UART8_Init) for MX_UART8_Init
    main.o(i.main) refers to tim.o(i.MX_TIM9_Init) for MX_TIM9_Init
    main.o(i.main) refers to can.o(i.MX_CAN1_Init) for MX_CAN1_Init
    main.o(i.main) refers to tim.o(i.MX_TIM2_Init) for MX_TIM2_Init
    main.o(i.main) refers to usart.o(i.MX_USART6_UART_Init) for MX_USART6_UART_Init
    main.o(i.main) refers to tim.o(i.MX_TIM5_Init) for MX_TIM5_Init
    main.o(i.main) refers to tim.o(i.MX_TIM8_Init) for MX_TIM8_Init
    main.o(i.main) refers to tim.o(i.MX_TIM4_Init) for MX_TIM4_Init
    main.o(i.main) refers to tim.o(i.MX_TIM3_Init) for MX_TIM3_Init
    main.o(i.main) refers to bsp_can.o(i.can_filter_init) for can_filter_init
    main.o(i.main) refers to stm32f4xx_hal_tim.o(i.HAL_TIM_PWM_Start) for HAL_TIM_PWM_Start
    main.o(i.main) refers to bsp_dwt.o(i.DWT_Init) for DWT_Init
    main.o(i.main) refers to freertos.o(i.MX_FREERTOS_Init) for MX_FREERTOS_Init
    main.o(i.main) refers to cmsis_os.o(i.osKernelStart) for osKernelStart
    main.o(i.main) refers to tim.o(.bss) for htim3
    gpio.o(i.MX_GPIO_Init) refers to rt_memclr_w.o(.text) for __aeabi_memclr4
[...]
    __rt_lib_init_atexit_1                   0x0800026f   Thumb Code     0  libinit2.o(.ARM.Collect$$libinit$$0000001B)
    __rt_lib_init_clock_1                    0x0800026f   Thumb Code     0  libinit2.o(.ARM.Collect$$libinit$$00000021)
    __rt_lib_init_cpp_1                      0x0800026f   Thumb Code     0  libinit2.o(.ARM.Collect$$libinit$$00000032)
    __rt_lib_init_exceptions_1               0x0800026f   Thumb Code     0  libinit2.o(.ARM.Collect$$libinit$$00000030)
    __rt_lib_init_fp_trap_1                  0x0800026f   Thumb Code     0  libinit2.o(.ARM.Collect$$libinit$$0000001F)
    __rt_lib_init_getenv_1                   0x0800026f   Thumb Code     0  libinit2.o(.ARM.Collect$$libinit$$00000023)
    __rt_lib_init_heap_1                     0x0800026f   Thumb Code     0  libinit2.o(.ARM.Collect$$libinit$$0000000A)
    __rt_lib_init_lc_collate_1               0x0800026f   Thumb Code     0  libinit2.o(.ARM.Collect$$libinit$$00000011)
    __rt_lib_init_lc_ctype_1                 0x0800026f   Thumb Code     0  libinit2.o(.ARM.Collect$$libinit$$00000013)
    __rt_lib_init_lc_monetary_1              0x0800026f   Thumb Code     0  libinit2.o(.ARM.Collect$$libinit$$00000015)
    __rt_lib_init_lc_numeric_1               0x0800026f   Thumb Code     0  libinit2.o(.ARM.Collect$$libinit$$00000017)
    __rt_lib_init_lc_time_1                  0x0800026f   Thumb Code     0  libinit2.o(.ARM.Collect$$libinit$$00000019)
    __rt_lib_init_rand_1                     0x0800026f   Thumb Code     0  libinit2.o(.ARM.Collect$$libinit$$0000000E)
    __rt_lib_init_return                     0x0800026f   Thumb Code     0  libinit2.o(.ARM.Collect$$libinit$$00000033)
    __rt_lib_init_signal_1                   0x0800026f   Thumb Code     0  libinit2.o(.ARM.Collect$$libinit$$0000001D)
    __rt_lib_init_stdio_1                    0x0800026f   Thumb Code     0  libinit2.o(.ARM.Collect$$libinit$$00000025)
    __rt_lib_init_user_alloc_1               0x0800026f   Thumb Code     0  libinit2.o(.ARM.Collect$$libinit$$0000000C)
    __rt_lib_shutdown                        0x08000271   Thumb Code     0  libshutdown.o(.ARM.Collect$$libshutdown$$00000000)
    __rt_lib_shutdown_cpp_1                  0x08000273   Thumb Code     0  libshutdown2.o(.ARM.Collect$$libshutdown$$00000002)
    __rt_lib_shutdown_fp_trap_1              0x08000273   Thumb Code     0  libshutdown2.o(.ARM.Collect$$libshutdown$$00000007)
    __rt_lib_shutdown_heap_1                 0x08000273   Thumb Code     0  libshutdown2.o(.ARM.Collect$$libshutdown$$0000000F)
    __rt_lib_shutdown_return                 0x08000273   Thumb Code     0  libshutdown2.o(.ARM.Collect$$libshutdown$$00000010)
    __rt_lib_shutdown_signal_1               0x08000273   Thumb Code     0  libshutdown2.o(.ARM.Collect$$libshutdown$$0000000A)
    __rt_lib_shutdown_stdio_1                0x08000273   Thumb Code     0  libshutdown2.o(.ARM.Collect$$libshutdown$$00000004)
    __rt_lib_shutdown_user_alloc_1           0x08000273   Thumb Code     0  libshutdown2.o(.ARM.Collect$$libshutdown$$0000000C)
    __rt_entry                               0x08000275   Thumb Code     0  __rtentry.o(.ARM.Collect$$rtentry$$00000000)
    __rt_entry_presh_1                       0x08000275   Thumb Code     0  __rtentry2.o(.ARM.Collect$$rtentry$$00000002)
    __rt_entry_sh                            0x08000275   Thumb Code     0  __rtentry4.o(.ARM.Collect$$rtentry$$00000004)
    __rt_entry_li                            0x0800027b   Thumb Code     0  __rtentry2.o(.ARM.Collect$$rtentry$$0000000A)
    __rt_entry_postsh_1                      0x0800027b   Thumb Code     0  __rtentry2.o(.ARM.Collect$$rtentry$$00000009)
    __rt_entry_main                          0x0800027f   Thumb Code     0  __rtentry2.o(.ARM.Collect$$rtentry$$0000000D)
    __rt_entry_postli_1                      0x0800027f   Thumb Code     0  __rtentry2.o(.ARM.Collect$$rtentry$$0000000C)
    __rt_exit                                0x08000287   Thumb Code     0  rtexit.o(.ARM.Collect$$rtexit$$00000000)
    __rt_exit_ls                             0x08000289   Thumb Code     0  rtexit2.o(.ARM.Collect$$rtexit$$00000003)
    __rt_exit_prels_1                        0x08000289   Thumb Code     0  rtexit2.o(.ARM.Collect$$rtexit$$00000002)
    __rt_exit_exit                           0x0800028d   Thumb Code     0  rtexit2.o(.ARM.Collect$$rtexit$$00000004)
    SVC_Handler                              0x08000295   Thumb Code    28  port.o(.emb_text)
    __asm___6_port_c_39a90d8d__prvStartFirstTask 0x080002b5   Thumb Code    36  port.o(.emb_text)
    __asm___6_port_c_39a90d8d__prvEnableVFP  0x080002dd   Thumb Code    16  port.o(.emb_text)
    PendSV_Handler                           0x080002f1   Thumb Code    88  port.o(.emb_text)
    vPortGetIPSR                             0x0800034d   Thumb Code     6  port.o(.emb_text)
    Reset_Handler                            0x08000355   Thumb Code     8  startup_stm32f427xx.o(.text)
    _maybe_terminate_alloc                   0x08000355   Thumb Code     0  maybetermalloc1.o(.emb_text)
    ADC_IRQHandler                           0x0800036f   Thumb Code     0  startup_stm32f427xx.o(.text)
    CAN1_RX1_IRQHandler                      0x0800036f   Thumb Code     0  startup_stm32f427xx.o(.text)
    CAN1_SCE_IRQHandler                      0x0800036f   Thumb Code     0  startup_stm32f427xx.o(.text)
    CAN1_TX_IRQHandler                       0x0800036f   Thumb Code     0  startup_stm32f427xx.o(.text)
    CAN2_RX0_IRQHandler                      0x0800036f   Thumb Code     0  startup_stm32f427xx.o(.text)
    CAN2_RX1_IRQHandler                      0x0800036f   Thumb Code     0  startup_stm32f427xx.o(.text)
    CAN2_SCE_IRQHandler                      0x0800036f   Thumb Code     0  startup_stm32f427xx.o(.text)
    CAN2_TX_IRQHandler                       0x0800036f   Thumb Code     0  startup_stm32f427xx.o(.text)
    DCMI_IRQHandler                          0x0800036f   Thumb Code     0  startup_stm32f427xx.o(.text)
    DMA1_Stream1_IRQHandler                  0x0800036f   Thumb Code     0  startup_stm32f427xx.o(.text)
    DMA1_Stream3_IRQHandler                  0x0800036f   Thumb Code     0  startup_stm32f427xx.o(.text)
    DMA1_Stream5_IRQHandler                  0x0800036f   Thumb Code     0  startup_stm32f427xx.o(.text)
    DMA1_Stream7_IRQHandler                  0x0800036f   Thumb Code     0  startup_stm32f427xx.o(.text)
    DMA2D_IRQHandler                         0x0800036f   Thumb Code     0  startup_stm32f427xx.o(.text)
    DMA2_Stream0_IRQHandler                  0x0800036f   Thumb Code     0  startup_stm32f427xx.o(.text)
    DMA2_Stream1_IRQHandler                  0x0800036f   Thumb Code     0  startup_stm32f427xx.o(.text)
    DMA2_Stream2_IRQHandler                  0x0800036f   Thumb Code     0  startup_stm32f427xx.o(.text)
    DMA2_Stream3_IRQHandler                  0x0800036f   Thumb Code     0  startup_stm32f427xx.o(.text)
    DMA2_Stream4_IRQHandler                  0x0800036f   Thumb Code     0  startup_stm32f427xx.o(.text)
    DMA2_Stream5_IRQHandler                  0x0800036f   Thumb Code     0  startup_stm32f427xx.o(.text)
    DMA2_Stream6_IRQHandler                  0x0800036f   Thumb Code     0  startup_stm32f427xx.o(.text)
    DMA2_Stream7_IRQHandler                  0x0800036f   Thumb Code     0  startup_stm32f427xx.o(.text)
    ETH_IRQHandler                           0x0800036f   Thumb Code     0  startup_stm32f427xx.o(.text)
    ETH_WKUP_IRQHandler                      0x0800036f   Thumb Code     0  startup_stm32f427xx.o(.text)
    EXTI0_IRQHandler                         0x0800036f   Thumb Code     0  startup_stm32f427xx.o(.text)
    EXTI15_10_IRQHandler                     0x0800036f   Thumb Code     0  startup_stm32f427xx.o(.text)
    EXTI1_IRQHandler                         0x0800036f   Thumb Code     0  startup_stm32f427xx.o(.text)
    EXTI3_IRQHandler                         0x0800036f   Thumb Code     0  startup_stm32f427xx.o(.text)
    EXTI4_IRQHandler                         0x0800036f   Thumb Code     0  startup_stm32f427xx.o(.text)
    EXTI9_5_IRQHandler                       0x0800036f   Thumb Code     0  startup_stm32f427xx.o(.text)
    FLASH_IRQHandler                         0x0800036f   Thumb Code     0  startup_stm32f427xx.o(.text)
    FMC_IRQHandler                           0x0800036f   Thumb Code     0  startup_stm32f427xx.o(.text)
    FPU_IRQHandler                           0x0800036f   Thumb Code     0  startup_stm32f427xx.o(.text)
    HASH_RNG_IRQHandler                      0x0800036f   Thumb Code     0  startup_stm32f427xx.o(.text)
    I2C1_ER_IRQHandler                       0x0800036f   Thumb Code     0  startup_stm32f427xx.o(.text)
    I2C1_EV_IRQHandler                       0x0800036f   Thumb Code     0  startup_stm32f427xx.o(.text)
    I2C2_ER_IRQHandler                       0x0800036f   Thumb Code     0  startup_stm32f427xx.o(.text)
    I2C2_EV_IRQHandler                       0x0800036f   Thumb Code     0  startup_stm32f427xx.o(.text)
    I2C3_ER_IRQHandler                       0x0800036f   Thumb Code     0  startup_stm32f427xx.o(.text)
    I2C3_EV_IRQHandler                       0x0800036f   Thumb Code     0  startup_stm32f427xx.o(.text)
    OTG_FS_IRQHandler                        0x0800036f   Thumb Code     0  startup_stm32f427xx.o(.text)
    OTG_FS_WKUP_IRQHandler                   0x0800036f   Thumb Code     0  startup_stm32f427xx.o(.text)
    OTG_HS_EP1_IN_IRQHandler                 0x0800036f   Thumb Code     0  startup_stm32f427xx.o(.text)
    OTG_HS_EP1_OUT_IRQHandler                0x0800036f   Thumb Code     0  startup_stm32f427xx.o(.text)
    OTG_HS_IRQHandler                        0x0800036f   Thumb Code     0  startup_stm32f427xx.o(.text)
    OTG_HS_WKUP_IRQHandler                   0x0800036f   Thumb Code     0  startup_stm32f427xx.o(.text)
    PVD_IRQHandler                           0x0800036f   Thumb Code     0  startup_stm32f427xx.o(.text)
    RCC_IRQHandler                           0x0800036f   Thumb Code     0  startup_stm32f427xx.o(.text)
    RTC_Alarm_IRQHandler                     0x0800036f   Thumb Code     0  startup_stm32f427xx.o(.text)
    RTC_WKUP_IRQHandler                      0x0800036f   Thumb Code     0  startup_stm32f427xx.o(.text)
    SAI1_IRQHandler                          0x0800036f   Thumb Code     0  startup_stm32f427xx.o(.text)
    SDIO_IRQHandler                          0x0800036f   Thumb Code     0  startup_stm32f427xx.o(.text)
    SPI1_IRQHandler                          0x0800036f   Thumb Code     0  startup_stm32f427xx.o(.text)
    SPI2_IRQHandler                          0x0800036f   Thumb Code     0  startup_stm32f427xx.o(.text)
    SPI3_IRQHandler                          0x0800036f   Thumb Code     0  startup_stm32f427xx.o(.text)
    SPI4_IRQHandler                          0x0800036f   Thumb Code     0  startup_stm32f427xx.o(.text)
    SPI5_IRQHandler                          0x0800036f   Thumb Code     0  startup_stm32f427xx.o(.text)
    SPI6_IRQHandler                          0x0800036f   Thumb Code     0  startup_stm32f427xx.o(.text)
    TAMP_STAMP_IRQHandler                    0x0800036f   Thumb Code     0  startup_stm32f427xx.o(.text)
    TIM1_BRK_TIM9_IRQHandler                 0x0800036f   Thumb Code     0  startup_stm32f427xx.o(.text)
    TIM1_CC_IRQHandler                       0x0800036f   Thumb Code     0  startup_stm32f427xx.o(.text)
    TIM1_TRG_COM_TIM11_IRQHandler            0x0800036f   Thumb Code     0  startup_stm32f427xx.o(.text)
    TIM1_UP_TIM10_IRQHandler                 0x0800036f   Thumb Code     0  startup_stm32f427xx.o(.text)
    TIM3_IRQHandler                          0x0800036f   Thumb Code     0  startup_stm32f427xx.o(.text)
    TIM4_IRQHandler                          0x0800036f   Thumb Code     0  startup_stm32f427xx.o(.text)
    TIM6_DAC_IRQHandler                      0x0800036f   Thumb Code     0  startup_stm32f427xx.o(.text)
    TIM7_IRQHandler                          0x0800036f   Thumb Code     0  startup_stm32f427xx.o(.text)
    TIM8_BRK_TIM12_IRQHandler                0x0800036f   Thumb Code     0  startup_stm32f427xx.o(.text)
    TIM8_CC_IRQHandler                       0x0800036f   Thumb Code     0  startup_stm32f427xx.o(.text)
    TIM8_TRG_COM_TIM14_IRQHandler            0x0800036f   Thumb Code     0  startup_stm32f427xx.o(.text)
    TIM8_UP_TIM13_IRQHandler                 0x0800036f   Thumb Code     0  startup_stm32f427xx.o(.text)
    UART5_IRQHandler                         0x0800036f   Thumb Code     0  startup_stm32f427xx.o(.text)
    UART7_IRQHandler                         0x0800036f   Thumb Code     0  startup_stm32f427xx.o(.text)
    USART1_IRQHandler                        0x0800036f   Thumb Code     0  startup_stm32f427xx.o(.text)
    USART2_IRQHandler                        0x0800036f   Thumb Code     0  startup_stm32f427xx.o(.text)
    USART3_IRQHandler                        0x0800036f   Thumb Code     0  startup_stm32f427xx.o(.text)
    WWDG_IRQHandler                          0x0800036f   Thumb Code     0  startup_stm32f427xx.o(.text)
    __user_initial_stackheap                 0x08000371   Thumb Code     0  startup_stm32f427xx.o(.text)
    malloc                                   0x08000395   Thumb Code    94  h1_alloc.o(.text)
    __aeabi_uldivmod                         0x080003f3   Thumb Code     0  lludivv7m.o(.text)
    _ll_udiv                                 0x080003f3   Thumb Code   238  lludivv7m.o(.text)
    __aeabi_memcpy4                          0x080004e1   Thumb Code     0  rt_memcpy_w.o(.text)
    __aeabi_memcpy8                          0x080004e1   Thumb Code     0  rt_memcpy_w.o(.text)
    __rt_memcpy_w                            0x080004e1   Thumb Code   100  rt_memcpy_w.o(.text)
    _memcpy_lastbytes_aligned                0x08000529   Thumb Code     0  rt_memcpy_w.o(.text)
    __aeabi_memclr                           0x08000545   Thumb Code     0  rt_memclr.o(.text)
    __rt_memclr                              0x08000545   Thumb Code    68  rt_memclr.o(.text)
    _memset                                  0x08000549   Thumb Code     0  rt_memclr.o(.text)
    __aeabi_memclr4                          0x08000589   Thumb Code     0  rt_memclr_w.o(.text)
    __aeabi_memclr8                          0x08000589   Thumb Code     0  rt_memclr_w.o(.text)
    __rt_memclr_w                            0x08000589   Thumb Code    78  rt_memclr_w.o(.text)
    _memset_w                                0x0800058d   Thumb Code     0  rt_memclr_w.o(.text)
    __use_two_region_memory                  0x080005d7   Thumb Code     2  heapauxi.o(.text)
    __rt_heap_escrow                         0x080005d9   Thumb Code     2  heapauxi.o(.text)
    __rt_heap_expand                         0x080005db   Thumb Code     2  heapauxi.o(.text)
    __rt_heap_descriptor                     0x080005dd   Thumb Code     8  rt_heap_descriptor_intlibspace.o(.text)
    __use_no_heap                            0x080005e5   Thumb Code     2  hguard.o(.text)
    __heap$guard                             0x080005e7   Thumb Code     2  hguard.o(.text)
    _terminate_user_alloc                    0x080005e9   Thumb Code     2  init_alloc.o(.text)
    _init_user_alloc                         0x080005eb   Thumb Code     2  init_alloc.o(.text)
    __Heap_Full                              0x080005ed   Thumb Code    34  init_alloc.o(.text)
    __Heap_Broken                            0x0800060f   Thumb Code     6  init_alloc.o(.text)
    _init_alloc                              0x08000615   Thumb Code    94  init_alloc.o(.text)
    __Heap_Initialize                        0x08000673   Thumb Code    10  h1_init.o(.text)
    __Heap_DescSize                          0x0800067d   Thumb Code     4  h1_init.o(.text)
    free                                     0x08000681   Thumb Code    78  h1_free.o(.text)
    __user_libspace                          0x080006d1   Thumb Code     8  libspace.o(.text)
    __user_perproc_libspace                  0x080006d1   Thumb Code     0  libspace.o(.text)
    __user_perthread_libspace                0x080006d1   Thumb Code     0  libspace.o(.text)
    __Heap_ProvideMemory                     0x080006d9   Thumb Code    52  h1_extend.o(.text)
    __rt_SIGRTMEM                            0x0800070d   Thumb Code    14  defsig_rtmem_outer.o(.text)
    __I$use$semihosting                      0x0800071b   Thumb Code     0  use_no_semi.o(.text)
    __use_no_semihosting_swi                 0x0800071b   Thumb Code     2  use_no_semi.o(.text)
    __semihosting_library_function           0x0800071d   Thumb Code     0  indicate_semi.o(.text)
    __user_setup_stackheap                   0x0800071d   Thumb Code    74  sys_stackheap_outer.o(.text)
    exit                                     0x08000767   Thumb Code    18  exit.o(.text)
    __sig_exit                               0x08000779   Thumb Code    10  defsig_exit.o(.text)
    __rt_SIGRTMEM_inner                      0x08000785   Thumb Code    22  defsig_rtmem_inner.o(.text)
    _sys_exit                                0x080007d5   Thumb Code     8  sys_exit.o(.text)
    __default_signal_display                 0x080007e1   Thumb Code    50  defsig_general.o(.text)
    _ttywrch                                 0x08000813   Thumb Code    14  sys_wrch.o(.text)
    BusFault_Handler                         0x08000821   Thumb Code     4  stm32f4xx_it.o(i.BusFault_Handler)
    CAN1_RX0_IRQHandler                      0x08000825   Thumb Code    10  stm32f4xx_it.o(i.CAN1_RX0_IRQHandler)
    CAN_chassis_can1                         0x08000835   Thumb Code    68  can_receive.o(i.CAN_chassis_can1)
    DMA1_Stream0_IRQHandler                  0x08000885   Thumb Code    10  stm32f4xx_it.o(i.DMA1_Stream0_IRQHandler)
    DMA1_Stream2_IRQHandler                  0x08000895   Thumb Code    10  stm32f4xx_it.o(i.DMA1_Stream2_IRQHandler)
    DMA1_Stream4_IRQHandler                  0x080008a5   Thumb Code    10  stm32f4xx_it.o(i.DMA1_Stream4_IRQHandler)
    DMA1_Stream6_IRQHandler                  0x080008b5   Thumb Code    10  stm32f4xx_it.o(i.DMA1_Stream6_IRQHandler)
    DMA_UART8_Send                           0x080009d1   Thumb Code    18  chassis_task.o(i.DMA_UART8_Send)
    DWT_GetDeltaT                            0x08000a19   Thumb Code    68  bsp_dwt.o(i.DWT_GetDeltaT)
    DWT_Init                                 0x08000a65   Thumb Code    74  bsp_dwt.o(i.DWT_Init)
    DebugMon_Handler                         0x08000acd   Thumb Code     2  stm32f4xx_it.o(i.DebugMon_Handler)
    EXTI2_IRQHandler                         0x08000acf   Thumb Code    10  stm32f4xx_it.o(i.EXTI2_IRQHandler)
    Error_Handler                            0x08000ad9   Thumb Code     2  main.o(i.Error_Handler)
    HAL_CAN_ActivateNotification             0x08000adb   Thumb Code    42  stm32f4xx_hal_can.o(i.HAL_CAN_ActivateNotification)
    HAL_CAN_AddTxMessage                     0x08000b05   Thumb Code   330  stm32f4xx_hal_can.o(i.HAL_CAN_AddTxMessage)
    HAL_CAN_ConfigFilter                     0x08000c51   Thumb Code   286  stm32f4xx_hal_can.o(i.HAL_CAN_ConfigFilter)
    HAL_CAN_ErrorCallback                    0x08000d75   Thumb Code     2  stm32f4xx_hal_can.o(i.HAL_CAN_ErrorCallback)
    HAL_CAN_GetRxMessage                     0x08000d77   Thumb Code   404  stm32f4xx_hal_can.o(i.HAL_CAN_GetRxMessage)
    HAL_CAN_IRQHandler                       0x08000f0b   Thumb Code   590  stm32f4xx_hal_can.o(i.HAL_CAN_IRQHandler)
    HAL_CAN_Init                             0x08001159   Thumb Code   372  stm32f4xx_hal_can.o(i.HAL_CAN_Init)
    HAL_CAN_MspInit                          0x080012cd   Thumb Code   138  can.o(i.HAL_CAN_MspInit)
    HAL_CAN_RxFifo0FullCallback              0x08001365   Thumb Code     2  stm32f4xx_hal_can.o(i.HAL_CAN_RxFifo0FullCallback)
    HAL_CAN_RxFifo0MsgPendingCallback        0x08001369   Thumb Code   324  can_receive.o(i.HAL_CAN_RxFifo0MsgPendingCallback)
    HAL_CAN_RxFifo1FullCallback              0x080014bd   Thumb Code     2  stm32f4xx_hal_can.o(i.HAL_CAN_RxFifo1FullCallback)
    HAL_CAN_RxFifo1MsgPendingCallback        0x080014bf   Thumb Code     2  stm32f4xx_hal_can.o(i.HAL_CAN_RxFifo1MsgPendingCallback)
    HAL_CAN_SleepCallback                    0x080014c1   Thumb Code     2  stm32f4xx_hal_can.o(i.HAL_CAN_SleepCallback)
    HAL_CAN_Start                            0x080014c3   Thumb Code    94  stm32f4xx_hal_can.o(i.HAL_CAN_Start)
    HAL_CAN_TxMailbox0AbortCallback          0x08001521   Thumb Code     2  stm32f4xx_hal_can.o(i.HAL_CAN_TxMailbox0AbortCallback)
    HAL_CAN_TxMailbox0CompleteCallback       0x08001523   Thumb Code     2  stm32f4xx_hal_can.o(i.HAL_CAN_TxMailbox0CompleteCallback)
    HAL_CAN_TxMailbox1AbortCallback          0x08001525   Thumb Code     2  stm32f4xx_hal_can.o(i.HAL_CAN_TxMailbox1AbortCallback)
    HAL_CAN_TxMailbox1CompleteCallback       0x08001527   Thumb Code     2  stm32f4xx_hal_can.o(i.HAL_CAN_TxMailbox1CompleteCallback)
    HAL_CAN_TxMailbox2AbortCallback          0x08001529   Thumb Code     2  stm32f4xx_hal_can.o(i.HAL_CAN_TxMailbox2AbortCallback)
    HAL_CAN_TxMailbox2CompleteCallback       0x0800152b   Thumb Code     2  stm32f4xx_hal_can.o(i.HAL_CAN_TxMailbox2CompleteCallback)
    HAL_CAN_WakeUpFromRxMsgCallback          0x0800152d   Thumb Code     2  stm32f4xx_hal_can.o(i.HAL_CAN_WakeUpFromRxMsgCallback)
    HAL_DMA_Abort                            0x0800152f   Thumb Code   172  stm32f4xx_hal_dma.o(i.HAL_DMA_Abort)
    HAL_DMA_Abort_IT                         0x080015db   Thumb Code    40  stm32f4xx_hal_dma.o(i.HAL_DMA_Abort_IT)
    HAL_DMA_IRQHandler                       0x08001605   Thumb Code   570  stm32f4xx_hal_dma.o(i.HAL_DMA_IRQHandler)
    HAL_DMA_Init                             0x08001845   Thumb Code   232  stm32f4xx_hal_dma.o(i.HAL_DMA_Init)
    HAL_DMA_Start_IT                         0x08001931   Thumb Code   146  stm32f4xx_hal_dma.o(i.HAL_DMA_Start_IT)
    HAL_GPIO_EXTI_Callback                   0x080019c3   Thumb Code     2  stm32f4xx_hal_gpio.o(i.HAL_GPIO_EXTI_Callback)
    HAL_GPIO_EXTI_IRQHandler                 0x080019c5   Thumb Code    24  stm32f4xx_hal_gpio.o(i.HAL_GPIO_EXTI_IRQHandler)
    HAL_GPIO_Init                            0x080019e1   Thumb Code   474  stm32f4xx_hal_gpio.o(i.HAL_GPIO_Init)
    HAL_GPIO_WritePin                        0x08001bf1   Thumb Code    12  stm32f4xx_hal_gpio.o(i.HAL_GPIO_WritePin)
    HAL_GetTick                              0x08001bfd   Thumb Code     6  stm32f4xx_hal.o(i.HAL_GetTick)
    HAL_IncTick                              0x08001c09   Thumb Code    16  stm32f4xx_hal.o(i.HAL_IncTick)
    HAL_Init                                 0x08001c21   Thumb Code    54  stm32f4xx_hal.o(i.HAL_Init)
    HAL_InitTick                             0x08001c5d   Thumb Code    64  stm32f4xx_hal.o(i.HAL_InitTick)
    HAL_MspInit                              0x08001ca9   Thumb Code    78  stm32f4xx_hal_msp.o(i.HAL_MspInit)
    HAL_NVIC_EnableIRQ                       0x08001cfd   Thumb Code    40  stm32f4xx_hal_cortex.o(i.HAL_NVIC_EnableIRQ)
    HAL_NVIC_SetPriority                     0x08001d25   Thumb Code   124  stm32f4xx_hal_cortex.o(i.HAL_NVIC_SetPriority)
    HAL_NVIC_SetPriorityGrouping             0x08001da1   Thumb Code    32  stm32f4xx_hal_cortex.o(i.HAL_NVIC_SetPriorityGrouping)
    HAL_RCC_ClockConfig                      0x08001dc9   Thumb Code   368  stm32f4xx_hal_rcc.o(i.HAL_RCC_ClockConfig)
    HAL_RCC_GetHCLKFreq                      0x08001f4d   Thumb Code     6  stm32f4xx_hal_rcc.o(i.HAL_RCC_GetHCLKFreq)
    HAL_RCC_GetPCLK1Freq                     0x08001f59   Thumb Code    22  stm32f4xx_hal_rcc.o(i.HAL_RCC_GetPCLK1Freq)
    HAL_RCC_GetPCLK2Freq                     0x08001f79   Thumb Code    22  stm32f4xx_hal_rcc.o(i.HAL_RCC_GetPCLK2Freq)
    HAL_RCC_GetSysClockFreq                  0x08001f99   Thumb Code   162  stm32f4xx_hal_rcc.o(i.HAL_RCC_GetSysClockFreq)
    HAL_RCC_OscConfig                        0x08002049   Thumb Code  1172  stm32f4xx_hal_rcc.o(i.HAL_RCC_OscConfig)
    HAL_SYSTICK_Config                       0x080024e5   Thumb Code    52  stm32f4xx_hal_cortex.o(i.HAL_SYSTICK_Config)
    HAL_TIMEx_BreakCallback                  0x08002519   Thumb Code     2  stm32f4xx_hal_tim_ex.o(i.HAL_TIMEx_BreakCallback)
    HAL_TIMEx_CommutCallback                 0x0800251b   Thumb Code     2  stm32f4xx_hal_tim_ex.o(i.HAL_TIMEx_CommutCallback)
    HAL_TIMEx_ConfigBreakDeadTime            0x0800251d   Thumb Code   116  stm32f4xx_hal_tim_ex.o(i.HAL_TIMEx_ConfigBreakDeadTime)
    HAL_TIMEx_MasterConfigSynchronization    0x08002591   Thumb Code   150  stm32f4xx_hal_tim_ex.o(i.HAL_TIMEx_MasterConfigSynchronization)
    HAL_TIM_Base_Init                        0x08002645   Thumb Code   102  stm32f4xx_hal_tim.o(i.HAL_TIM_Base_Init)
    HAL_TIM_Base_MspInit                     0x080026ad   Thumb Code   484  tim.o(i.HAL_TIM_Base_MspInit)
    HAL_TIM_ConfigClockSource                0x080028b5   Thumb Code   268  stm32f4xx_hal_tim.o(i.HAL_TIM_ConfigClockSource)
    HAL_TIM_IC_CaptureCallback               0x080029c1   Thumb Code     2  stm32f4xx_hal_tim.o(i.HAL_TIM_IC_CaptureCallback)
    HAL_TIM_IC_ConfigChannel                 0x080029c3   Thumb Code   222  stm32f4xx_hal_tim.o(i.HAL_TIM_IC_ConfigChannel)
    HAL_TIM_IC_Init                          0x08002aa1   Thumb Code   102  stm32f4xx_hal_tim.o(i.HAL_TIM_IC_Init)
    HAL_TIM_IC_MspInit                       0x08002b07   Thumb Code     2  stm32f4xx_hal_tim.o(i.HAL_TIM_IC_MspInit)
    HAL_TIM_IC_Start_IT                      0x08002b09   Thumb Code   372  stm32f4xx_hal_tim.o(i.HAL_TIM_IC_Start_IT)
    HAL_TIM_IC_Stop_IT                       0x08002c99   Thumb Code   222  stm32f4xx_hal_tim.o(i.HAL_TIM_IC_Stop_IT)
    HAL_TIM_IRQHandler                       0x08002d77   Thumb Code   364  stm32f4xx_hal_tim.o(i.HAL_TIM_IRQHandler)
    HAL_TIM_MspPostInit                      0x08002ee5   Thumb Code   290  tim.o(i.HAL_TIM_MspPostInit)
    HAL_TIM_OC_DelayElapsedCallback          0x0800302d   Thumb Code     2  stm32f4xx_hal_tim.o(i.HAL_TIM_OC_DelayElapsedCallback)
    HAL_TIM_PWM_ConfigChannel                0x0800302f   Thumb Code   260  stm32f4xx_hal_tim.o(i.HAL_TIM_PWM_ConfigChannel)
    HAL_TIM_PWM_Init                         0x08003133   Thumb Code   102  stm32f4xx_hal_tim.o(i.HAL_TIM_PWM_Init)
    HAL_TIM_PWM_MspInit                      0x08003199   Thumb Code     2  stm32f4xx_hal_tim.o(i.HAL_TIM_PWM_MspInit)
    HAL_TIM_PWM_PulseFinishedCallback        0x0800319b   Thumb Code     2  stm32f4xx_hal_tim.o(i.HAL_TIM_PWM_PulseFinishedCallback)
    HAL_TIM_PWM_Start                        0x0800319d   Thumb Code   238  stm32f4xx_hal_tim.o(i.HAL_TIM_PWM_Start)
    HAL_TIM_PeriodElapsedCallback            0x080032a9   Thumb Code     2  stm32f4xx_hal_tim.o(i.HAL_TIM_PeriodElapsedCallback)
    HAL_TIM_ReadCapturedValue                0x080032ab   Thumb Code    50  stm32f4xx_hal_tim.o(i.HAL_TIM_ReadCapturedValue)
    HAL_TIM_TriggerCallback                  0x080032dd   Thumb Code     2  stm32f4xx_hal_tim.o(i.HAL_TIM_TriggerCallback)
    HAL_UARTEx_RxEventCallback               0x080032df   Thumb Code     2  stm32f4xx_hal_uart.o(i.HAL_UARTEx_RxEventCallback)
    HAL_UART_ErrorCallback                   0x080032e1   Thumb Code     2  stm32f4xx_hal_uart.o(i.HAL_UART_ErrorCallback)
    HAL_UART_IRQHandler                      0x080032e5   Thumb Code   740  stm32f4xx_hal_uart.o(i.HAL_UART_IRQHandler)
    HAL_UART_Init                            0x080035cd   Thumb Code   118  stm32f4xx_hal_uart.o(i.HAL_UART_Init)
    HAL_UART_MspInit                         0x08003645   Thumb Code   630  usart.o(i.HAL_UART_MspInit)
    HAL_UART_Receive_DMA                     0x080038ed   Thumb Code    44  stm32f4xx_hal_uart.o(i.HAL_UART_Receive_DMA)
    HAL_UART_RxCpltCallback                  0x08003919   Thumb Code     2  stm32f4xx_hal_uart.o(i.HAL_UART_RxCpltCallback)
    HAL_UART_RxHalfCpltCallback              0x0800391b   Thumb Code     2  stm32f4xx_hal_uart.o(i.HAL_UART_RxHalfCpltCallback)
    HAL_UART_Transmit_DMA                    0x0800391d   Thumb Code   128  stm32f4xx_hal_uart.o(i.HAL_UART_Transmit_DMA)
    HAL_UART_TxCpltCallback                  0x080039a9   Thumb Code     2  stm32f4xx_hal_uart.o(i.HAL_UART_TxCpltCallback)
    HAL_UART_TxHalfCpltCallback              0x080039ab   Thumb Code     2  stm32f4xx_hal_uart.o(i.HAL_UART_TxHalfCpltCallback)
    HC_SR04Task                              0x080039ad   Thumb Code    16  hc_sr04task.o(i.HC_SR04Task)
    HardFault_Handler                        0x080039bd   Thumb Code     4  stm32f4xx_it.o(i.HardFault_Handler)
    MX_CAN1_Init                             0x080039c1   Thumb Code    58  can.o(i.MX_CAN1_Init)
    MX_DMA_Init                              0x08003a05   Thumb Code   100  dma.o(i.MX_DMA_Init)
    MX_FREERTOS_Init                         0x08003a6d   Thumb Code   126  freertos.o(i.MX_FREERTOS_Init)
    MX_GPIO_Init                             0x08003b05   Thumb Code   360  gpio.o(i.MX_GPIO_Init)
    MX_TIM2_Init                             0x08003c7d   Thumb Code   152  tim.o(i.MX_TIM2_Init)
    MX_TIM3_Init                             0x08003d19   Thumb Code   160  tim.o(i.MX_TIM3_Init)
    MX_TIM4_Init                             0x08003dc1   Thumb Code   208  tim.o(i.MX_TIM4_Init)
    MX_TIM5_Init                             0x08003e99   Thumb Code   166  tim.o(i.MX_TIM5_Init)
    MX_TIM8_Init                             0x08003f49   Thumb Code   260  tim.o(i.MX_TIM8_Init)
    MX_TIM9_Init                             0x08004055   Thumb Code   152  tim.o(i.MX_TIM9_Init)
    MX_UART4_Init                            0x080040f5   Thumb Code    72  usart.o(i.MX_UART4_Init)
    MX_UART8_Init                            0x08004149   Thumb Code    72  usart.o(i.MX_UART8_Init)
    MX_USART6_UART_Init                      0x0800419d   Thumb Code    46  usart.o(i.MX_USART6_UART_Init)
    MemManage_Handler                        0x080041d5   Thumb Code     4  stm32f4xx_it.o(i.MemManage_Handler)
    NMI_Handler                              0x080041d9   Thumb Code     4  stm32f4xx_it.o(i.NMI_Handler)
    OLS_Derivative                           0x080041dd   Thumb Code   578  user_lib.o(i.OLS_Derivative)
    OLS_Init                                 0x08004429   Thumb Code    82  user_lib.o(i.OLS_Init)
    PID_Calculate                            0x08004481   Thumb Code   720  controller.o(i.PID_Calculate)
    PID_Init                                 0x08004751   Thumb Code   184  controller.o(i.PID_Init)
    SR04_GetData                             0x0800480d   Thumb Code   214  hc_sr04task.o(i.SR04_GetData)
    StartDefaultTask                         0x0800491d   Thumb Code    10  freertos.o(i.StartDefaultTask)
    StartchassisTask                         0x08004929   Thumb Code   242  chassis_task.o(i.StartchassisTask)
    SysTick_Handler                          0x08004a41   Thumb Code    20  stm32f4xx_it.o(i.SysTick_Handler)
    SystemClock_Config                       0x08004a55   Thumb Code   176  main.o(i.SystemClock_Config)
    SystemInit                               0x08004b0d   Thumb Code    14  system_stm32f4xx.o(i.SystemInit)
    TIM2_IRQHandler                          0x08004b21   Thumb Code    10  stm32f4xx_it.o(i.TIM2_IRQHandler)
    TIM5_IRQHandler                          0x08004b31   Thumb Code   118  hc_sr04task.o(i.TIM5_IRQHandler)
    TIM_Base_SetConfig                       0x08004bb5   Thumb Code   186  stm32f4xx_hal_tim.o(i.TIM_Base_SetConfig)
    TIM_CCxChannelCmd                        0x08004c9d   Thumb Code    34  stm32f4xx_hal_tim.o(i.TIM_CCxChannelCmd)
    TIM_ETR_SetConfig                        0x08004cbf   Thumb Code    22  stm32f4xx_hal_tim.o(i.TIM_ETR_SetConfig)
    TIM_OC2_SetConfig                        0x08004d59   Thumb Code   114  stm32f4xx_hal_tim.o(i.TIM_OC2_SetConfig)
    TIM_TI1_SetConfig                        0x08004ec9   Thumb Code   114  stm32f4xx_hal_tim.o(i.TIM_TI1_SetConfig)
    UART4_IRQHandler                         0x08005031   Thumb Code    10  stm32f4xx_it.o(i.UART4_IRQHandler)
    UART8_IRQHandler                         0x08005041   Thumb Code   202  chassis_task.o(i.UART8_IRQHandler)
    UART_Start_Receive_DMA                   0x080056ad   Thumb Code   186  stm32f4xx_hal_uart.o(i.UART_Start_Receive_DMA)
    USART6_IRQHandler                        0x080057d5   Thumb Code    10  stm32f4xx_it.o(i.USART6_IRQHandler)
    UsageFault_Handler                       0x080057e5   Thumb Code     4  stm32f4xx_it.o(i.UsageFault_Handler)
    __hardfp_fabs                            0x08005821   Thumb Code    20  fabs.o(i.__hardfp_fabs)
    can_filter_init                          0x08005835   Thumb Code    56  bsp_can.o(i.can_filter_init)
    chassis_init                             0x08005a0d   Thumb Code   278  chassis_task.o(i.chassis_init)
    get_clamp_motor_point                    0x08006241   Thumb Code     4  can_receive.o(i.get_clamp_motor_point)
    get_picture_motor_point                  0x08006249   Thumb Code     4  can_receive.o(i.get_picture_motor_point)
    loop_task                                0x08006251   Thumb Code   220  loop_task.o(i.loop_task)
    main                                     0x08006345   Thumb Code   158  main.o(i.main)
    osDelay                                  0x08006403   Thumb Code    24  cmsis_os.o(i.osDelay)
    osKernelStart                            0x0800641b   Thumb Code    10  cmsis_os.o(i.osKernelStart)
    osThreadCreate                           0x08006425   Thumb Code    94  cmsis_os.o(i.osThreadCreate)
    pvPortMalloc                             0x08006905   Thumb Code   306  heap_4.o(i.pvPortMalloc)
    pxPortInitialiseStack                    0x08006a51   Thumb Code    38  port.o(i.pxPortInitialiseStack)
    trash_four_yaw_pitch                     0x08006a7d   Thumb Code   182  loop_task.o(i.trash_four_yaw_pitch)
    trash_one_yaw_pitch                      0x08006b49   Thumb Code   182  loop_task.o(i.trash_one_yaw_pitch)
    trash_three_yaw_pitch                    0x08006c15   Thumb Code   182  loop_task.o(i.trash_three_yaw_pitch)
    trash_two_yaw_pitch                      0x08006ce1   Thumb Code   182  loop_task.o(i.trash_two_yaw_pitch)
    trash_zero_yaw_pitch                     0x08006dad   Thumb Code    24  loop_task.o(i.trash_zero_yaw_pitch)
    two_delay_Task                           0x08006dd1   Thumb Code    62  two_delay_task.o(i.two_delay_Task)
    uxListRemove                             0x08006e21   Thumb Code    40  list.o(i.uxListRemove)
    vApplicationGetIdleTaskMemory            0x08006e49   Thumb Code    14  freertos.o(i.vApplicationGetIdleTaskMemory)
    vListInitialise                          0x08006e61   Thumb Code    26  list.o(i.vListInitialise)
    vListInitialiseItem                      0x08006e7b   Thumb Code     6  list.o(i.vListInitialiseItem)
    vListInsert                              0x08006e81   Thumb Code    52  list.o(i.vListInsert)
    vListInsertEnd                           0x08006eb5   Thumb Code    24  list.o(i.vListInsertEnd)
    vPortEnterCritical                       0x08006ecd   Thumb Code    76  port.o(i.vPortEnterCritical)
    vPortExitCritical                        0x08006f21   Thumb Code    56  port.o(i.vPortExitCritical)
    vPortFree                                0x08006f5d   Thumb Code   150  heap_4.o(i.vPortFree)
    vPortSetupTimerInterrupt                 0x08007001   Thumb Code    36  port.o(i.vPortSetupTimerInterrupt)
    vTaskDelay                               0x08007029   Thumb Code    82  tasks.o(i.vTaskDelay)
    vTaskStartScheduler                      0x08007085   Thumb Code   146  tasks.o(i.vTaskStartScheduler)
    vTaskSuspendAll                          0x08007135   Thumb Code    12  tasks.o(i.vTaskSuspendAll)
    vTaskSwitchContext                       0x08007145   Thumb Code   118  tasks.o(i.vTaskSwitchContext)
    xPortStartScheduler                      0x080071d1   Thumb Code   330  port.o(i.xPortStartScheduler)
    xPortSysTickHandler                      0x08007339   Thumb Code    46  port.o(i.xPortSysTickHandler)
    xTaskCreate                              0x0800736d   Thumb Code   100  tasks.o(i.xTaskCreate)
    xTaskCreateStatic                        0x080073d1   Thumb Code   186  tasks.o(i.xTaskCreateStatic)
    xTaskGetSchedulerState                   0x0800748d   Thumb Code    24  tasks.o(i.xTaskGetSchedulerState)
    xTaskIncrementTick                       0x080074ad   Thumb Code   282  tasks.o(i.xTaskIncrementTick)
    xTaskResumeAll                           0x080075f5   Thumb Code   224  tasks.o(i.xTaskResumeAll)
    __aeabi_d2f                              0x080076f9   Thumb Code     0  d2f.o(x$fpl$d2f)
    _d2f                                     0x080076f9   Thumb Code    98  d2f.o(x$fpl$d2f)
    __fpl_dcmp_Inf                           0x0800775b   Thumb Code    24  dcmpi.o(x$fpl$dcmpinf)
    __aeabi_ddiv                             0x08007775   Thumb Code     0  ddiv.o(x$fpl$ddiv)
    _ddiv                                    0x08007775   Thumb Code   552  ddiv.o(x$fpl$ddiv)
    __aeabi_ui2d                             0x08007a25   Thumb Code     0  dflt_clz.o(x$fpl$dfltu)
    _dfltu                                   0x08007a25   Thumb Code    38  dflt_clz.o(x$fpl$dfltu)
    __aeabi_cdcmple                          0x08007a4d   Thumb Code     0  dleqf.o(x$fpl$dleqf)
    _dcmple                                  0x08007a4d   Thumb Code   120  dleqf.o(x$fpl$dleqf)
    __fpl_dcmple_InfNaN                      0x08007aaf   Thumb Code     0  dleqf.o(x$fpl$dleqf)
    __aeabi_dmul                             0x08007ac5   Thumb Code     0  dmul.o(x$fpl$dmul)
    _dmul                                    0x08007ac5   Thumb Code   332  dmul.o(x$fpl$dmul)
    __fpl_dnaninf                            0x08007c19   Thumb Code   156  dnaninf.o(x$fpl$dnaninf)
    __fpl_dretinf                            0x08007cb5   Thumb Code    12  dretinf.o(x$fpl$dretinf)
    __aeabi_f2d                              0x08007cc1   Thumb Code     0  f2d.o(x$fpl$f2d)
    _f2d                                     0x08007cc1   Thumb Code    86  f2d.o(x$fpl$f2d)
    __fpl_fnaninf                            0x08007d17   Thumb Code   140  fnaninf.o(x$fpl$fnaninf)
    _fp_init                                 0x08007da3   Thumb Code    10  fpinit.o(x$fpl$fpinit)
    __fplib_config_fpu_vfp                   0x08007dab   Thumb Code     0  fpinit.o(x$fpl$fpinit)
    __fplib_config_pureend_doubles           0x08007dab   Thumb Code     0  fpinit.o(x$fpl$fpinit)
    __fpl_fretinf                            0x08007dad   Thumb Code    10  fretinf.o(x$fpl$fretinf)
    __I$use$fp                               0x08007db6   Number         0  usenofp.o(x$fpl$usenofp)
    AHBPrescTable                            0x08007e4c   Data          16  system_stm32f4xx.o(.constdata)
    APBPrescTable                            0x08007e5c   Data           8  system_stm32f4xx.o(.constdata)
    Region$$Table$$Base                      0x08007ea4   Number         0  anon$$obj.o(Region$$Table)
    Region$$Table$$Limit                     0x08007ec4   Number         0  anon$$obj.o(Region$$Table)
    chassisTaskHandle                        0x20000000   Data           4  freertos.o(.data)
    HC_SR04TaskHandle                        0x20000004   Data           4  freertos.o(.data)
    crash_motorTaskHandle                    0x20000008   Data           4  freertos.o(.data)
    loopTaskHandle                           0x2000000c   Data           4  freertos.o(.data)
    two_delay_TaskHandle                     0x20000010   Data           4  freertos.o(.data)
    defaultTaskHandle                        0x20000014   Data           4  freertos.o(.data)
    rx_len                                   0x20000018   Data           1  usart.o(.data)
    recv_end_flag                            0x20000019   Data           1  usart.o(.data)
    uwTick                                   0x2000001c   Data           4  stm32f4xx_hal.o(.data)
    uwTickPrio                               0x20000020   Data           4  stm32f4xx_hal.o(.data)
    uwTickFreq                               0x20000024   Data           1  stm32f4xx_hal.o(.data)
    SystemCoreClock                          0x20000028   Data           4  system_stm32f4xx.o(.data)
    IDLEIRQ                                  0x20000038   Data           4  chassis_task.o(.data)
    DMA_Residual_length                      0x2000003c   Data           4  chassis_task.o(.data)
    serial_rx_flag                           0x20000040   Data           4  chassis_task.o(.data)
    serial_rx_mes_flag                       0x20000044   Data           4  chassis_task.o(.data)
    motor_flag                               0x20000048   Data           4  chassis_task.o(.data)
    picture_reset_count                      0x2000004c   Data           2  chassis_task.o(.data)
    clamp_reset_count                        0x2000004e   Data           2  chassis_task.o(.data)
    distant                                  0x20000050   Data           4  hc_sr04task.o(.data)
    measure_Cnt                              0x20000054   Data           1  hc_sr04task.o(.data)
    high_time                                0x20000058   Data           4  hc_sr04task.o(.data)
    txData1                                  0x2000005c   Data          18  hc_sr04task.o(.data)
    txData2                                  0x2000006e   Data           4  hc_sr04task.o(.data)
    txData3                                  0x20000072   Data          18  hc_sr04task.o(.data)
    txData4                                  0x20000084   Data           1  hc_sr04task.o(.data)
    x_position                               0x20000088   Data           4  loop_task.o(.data)
    y_position                               0x2000008c   Data           4  loop_task.o(.data)
    yaw_pitch_flag                           0x20000090   Data           4  loop_task.o(.data)
    last_variety                             0x20000094   Data           4  two_delay_task.o(.data)
    last_yaw_flag                            0x20000098   Data           4  two_delay_task.o(.data)
    pxCurrentTCB                             0x2000009c   Data           4  tasks.o(.data)
    SysTime                                  0x20000358   Data           8  bsp_dwt.o(.data)
    CYCCNT64                                 0x20000378   Data           8  bsp_dwt.o(.data)
    hcan1                                    0x200005f8   Data          40  can.o(.bss)
    htim2                                    0x20000620   Data          72  tim.o(.bss)
    htim3                                    0x20000668   Data          72  tim.o(.bss)
    htim4                                    0x200006b0   Data          72  tim.o(.bss)
    htim5                                    0x200006f8   Data          72  tim.o(.bss)
    htim8                                    0x20000740   Data          72  tim.o(.bss)
    htim9                                    0x20000788   Data          72  tim.o(.bss)
    huart4                                   0x200007d0   Data          72  usart.o(.bss)
    huart8                                   0x20000818   Data          72  usart.o(.bss)
    huart6                                   0x20000860   Data          72  usart.o(.bss)
    hdma_uart4_rx                            0x200008a8   Data          96  usart.o(.bss)
    hdma_uart4_tx                            0x20000908   Data          96  usart.o(.bss)
    hdma_uart8_rx                            0x20000968   Data          96  usart.o(.bss)
    hdma_uart8_tx                            0x200009c8   Data          96  usart.o(.bss)
    CAN1_rx_buffer                           0x20000a28   Data          48  can_receive.o(.bss)
    rx_buffer                                0x20000a70   Data          40  chassis_task.o(.bss)
    tx_buffer                                0x20000a98   Data          20  chassis_task.o(.bss)
    rx_buffer_win                            0x20000aac   Data          16  chassis_task.o(.bss)
    usart_rx_mes_real                        0x20000abc   Data          20  chassis_task.o(.bss)
    uasrt_tx_mes_real                        0x20000ad0   Data          20  chassis_task.o(.bss)
    chassis                                  0x20000ae4   Data         760  chassis_task.o(.bss)
    measure_Buf                              0x20000ddc   Data          12  hc_sr04task.o(.bss)
    usart_rx_mes_real_converted              0x20000de8   Data          20  loop_task.o(.bss)
    __libspace_start                         0x20004aec   Data          96  libspace.o(.bss)
    __temporary_stack_top$libspace           0x20004b4c   Data           0  libspace.o(.bss)



==============================================================================

Memory Map of the image

  Image Entry point : 0x080001ad

  Load Region LR_IROM1 (Base: 0x08000000, Size: 0x00008268, Max: 0x00200000, ABSOLUTE, COMPRESSED[0x00007f50])

    Execution Region ER_IROM1 (Exec base: 0x08000000, Load base: 0x08000000, Size: 0x00007ec4, Max: 0x00200000, ABSOLUTE)

    Exec Addr    Load Addr    Size         Type   Attr      Idx    E Section Name        Object

    0x08000000   0x08000000   0x000001ac   Data   RO            3    RESET               startup_stm32f427xx.o
    0x080001ac   0x080001ac   0x00000008   Code   RO         5958  * !!!main             c_w.l(__main.o)
    0x080001b4   0x080001b4   0x00000034   Code   RO         6241    !!!scatter          c_w.l(__scatter.o)
    0x080001e8   0x080001e8   0x0000005a   Code   RO         6239    !!dczerorl2         c_w.l(__dczerorl2.o)
    0x08000242   0x08000242   0x00000002   PAD
    0x08000244   0x08000244   0x0000001c   Code   RO         6243    !!handler_zi        c_w.l(__scatter_zi.o)
    0x08000260   0x08000260   0x00000002   Code   RO         6178    .ARM.Collect$$libinit$$00000000  c_w.l(libinit.o)
    0x08000262   0x08000262   0x00000004   Code   RO         6046    .ARM.Collect$$libinit$$00000001  c_w.l(libinit2.o)
    0x08000266   0x08000266   0x00000000   Code   RO         6049    .ARM.Collect$$libinit$$00000004  c_w.l(libinit2.o)
    0x08000266   0x08000266   0x00000008   Code   RO         6050    .ARM.Collect$$libinit$$00000005  c_w.l(libinit2.o)
    0x0800026e   0x0800026e   0x00000000   Code   RO         6052    .ARM.Collect$$libinit$$0000000A  c_w.l(libinit2.o)
    0x0800026e   0x0800026e   0x00000000   Code   RO         6054    .ARM.Collect$$libinit$$0000000C  c_w.l(libinit2.o)
    0x0800026e   0x0800026e   0x00000000   Code   RO         6056    .ARM.Collect$$libinit$$0000000E  c_w.l(libinit2.o)
    0x0800026e   0x0800026e   0x00000000   Code   RO         6059    .ARM.Collect$$libinit$$00000011  c_w.l(libinit2.o)
    0x0800026e   0x0800026e   0x00000000   Code   RO         6061    .ARM.Collect$$libinit$$00000013  c_w.l(libinit2.o)
    0x0800026e   0x0800026e   0x00000000   Code   RO         6063    .ARM.Collect$$libinit$$00000015  c_w.l(libinit2.o)
    0x0800026e   0x0800026e   0x00000000   Code   RO         6065    .ARM.Collect$$libinit$$00000017  c_w.l(libinit2.o)
    0x0800026e   0x0800026e   0x00000000   Code   RO         6067    .ARM.Collect$$libinit$$00000019  c_w.l(libinit2.o)
    0x0800026e   0x0800026e   0x00000000   Code   RO         6069    .ARM.Collect$$libinit$$0000001B  c_w.l(libinit2.o)
    0x0800026e   0x0800026e   0x00000000   Code   RO         6071    .ARM.Collect$$libinit$$0000001D  c_w.l(libinit2.o)
    0x0800026e   0x0800026e   0x00000000   Code   RO         6073    .ARM.Collect$$libinit$$0000001F  c_w.l(libinit2.o)
    0x0800026e   0x0800026e   0x00000000   Code   RO         6075    .ARM.Collect$$libinit$$00000021  c_w.l(libinit2.o)
    0x0800026e   0x0800026e   0x00000000   Code   RO         6077    .ARM.Collect$$libinit$$00000023  c_w.l(libinit2.o)
    0x0800026e   0x0800026e   0x00000000   Code   RO         6079    .ARM.Collect$$libinit$$00000025  c_w.l(libinit2.o)
    0x0800026e   0x0800026e   0x00000000   Code   RO         6083    .ARM.Collect$$libinit$$0000002C  c_w.l(libinit2.o)
    0x0800026e   0x0800026e   0x00000000   Code   RO         6085    .ARM.Collect$$libinit$$0000002E  c_w.l(libinit2.o)
    0x0800026e   0x0800026e   0x00000000   Code   RO         6087    .ARM.Collect$$libinit$$00000030  c_w.l(libinit2.o)
    0x0800026e   0x0800026e   0x00000000   Code   RO         6089    .ARM.Collect$$libinit$$00000032  c_w.l(libinit2.o)
    0x0800026e   0x0800026e   0x00000002   Code   RO         6090    .ARM.Collect$$libinit$$00000033  c_w.l(libinit2.o)
    0x08000270   0x08000270   0x00000002   Code   RO         6236    .ARM.Collect$$libshutdown$$00000000  c_w.l(libshutdown.o)
    0x08000272   0x08000272   0x00000000   Code   RO         6194    .ARM.Collect$$libshutdown$$00000002  c_w.l(libshutdown2.o)
    0x08000272   0x08000272   0x00000000   Code   RO         6196    .ARM.Collect$$libshutdown$$00000004  c_w.l(libshutdown2.o)
    0x08000272   0x08000272   0x00000000   Code   RO         6199    .ARM.Collect$$libshutdown$$00000007  c_w.l(libshutdown2.o)
    0x08000272   0x08000272   0x00000000   Code   RO         6202    .ARM.Collect$$libshutdown$$0000000A  c_w.l(libshutdown2.o)
    0x08000272   0x08000272   0x00000000   Code   RO         6204    .ARM.Collect$$libshutdown$$0000000C  c_w.l(libshutdown2.o)
    0x08000272   0x08000272   0x00000000   Code   RO         6207    .ARM.Collect$$libshutdown$$0000000F  c_w.l(libshutdown2.o)
    0x08000272   0x08000272   0x00000002   Code   RO         6208    .ARM.Collect$$libshutdown$$00000010  c_w.l(libshutdown2.o)
    0x08000274   0x08000274   0x00000000   Code   RO         6006    .ARM.Collect$$rtentry$$00000000  c_w.l(__rtentry.o)
    0x08000274   0x08000274   0x00000000   Code   RO         6110    .ARM.Collect$$rtentry$$00000002  c_w.l(__rtentry2.o)
    0x08000274   0x08000274   0x00000006   Code   RO         6122    .ARM.Collect$$rtentry$$00000004  c_w.l(__rtentry4.o)
    0x0800027a   0x0800027a   0x00000000   Code   RO         6112    .ARM.Collect$$rtentry$$00000009  c_w.l(__rtentry2.o)
    0x0800027a   0x0800027a   0x00000004   Code   RO         6113    .ARM.Collect$$rtentry$$0000000A  c_w.l(__rtentry2.o)
    0x0800027e   0x0800027e   0x00000000   Code   RO         6115    .ARM.Collect$$rtentry$$0000000C  c_w.l(__rtentry2.o)
    0x0800027e   0x0800027e   0x00000008   Code   RO         6116    .ARM.Collect$$rtentry$$0000000D  c_w.l(__rtentry2.o)
    0x08000286   0x08000286   0x00000002   Code   RO         6181    .ARM.Collect$$rtexit$$00000000  c_w.l(rtexit.o)
    0x08000288   0x08000288   0x00000000   Code   RO         6212    .ARM.Collect$$rtexit$$00000002  c_w.l(rtexit2.o)
    0x08000288   0x08000288   0x00000004   Code   RO         6213    .ARM.Collect$$rtexit$$00000003  c_w.l(rtexit2.o)
    0x0800028c   0x0800028c   0x00000006   Code   RO         6214    .ARM.Collect$$rtexit$$00000004  c_w.l(rtexit2.o)
    0x08000292   0x08000292   0x00000002   PAD
    0x08000294   0x08000294   0x000000be   Code   RO         5264    .emb_text           port.o
    0x08000352   0x08000352   0x00000002   PAD
    0x08000354   0x08000354   0x00000000   Code   RO         6133    .emb_text           c_w.l(maybetermalloc1.o)
    0x08000354   0x08000354   0x00000040   Code   RO            4    .text               startup_stm32f427xx.o
    0x08000394   0x08000394   0x0000005e   Code   RO         5890    .text               c_w.l(h1_alloc.o)
    0x080003f2   0x080003f2   0x000000ee   Code   RO         5944    .text               c_w.l(lludivv7m.o)
    0x080004e0   0x080004e0   0x00000064   Code   RO         5948    .text               c_w.l(rt_memcpy_w.o)
    0x08000544   0x08000544   0x00000044   Code   RO         5952    .text               c_w.l(rt_memclr.o)
    0x08000588   0x08000588   0x0000004e   Code   RO         5954    .text               c_w.l(rt_memclr_w.o)
    0x080005d6   0x080005d6   0x00000006   Code   RO         5956    .text               c_w.l(heapauxi.o)
    0x080005dc   0x080005dc   0x00000008   Code   RO         6014    .text               c_w.l(rt_heap_descriptor_intlibspace.o)
    0x080005e4   0x080005e4   0x00000004   Code   RO         6016    .text               c_w.l(hguard.o)
    0x080005e8   0x080005e8   0x0000008a   Code   RO         6018    .text               c_w.l(init_alloc.o)
    0x08000672   0x08000672   0x0000000e   Code   RO         6024    .text               c_w.l(h1_init.o)
    0x08000680   0x08000680   0x0000004e   Code   RO         6026    .text               c_w.l(h1_free.o)
    0x080006ce   0x080006ce   0x00000002   PAD
    0x080006d0   0x080006d0   0x00000008   Code   RO         6106    .text               c_w.l(libspace.o)
    0x080006d8   0x080006d8   0x00000034   Code   RO         6135    .text               c_w.l(h1_extend.o)
    0x0800070c   0x0800070c   0x0000000e   Code   RO         6139    .text               c_w.l(defsig_rtmem_outer.o)
    0x0800071a   0x0800071a   0x00000002   Code   RO         6150    .text               c_w.l(use_no_semi.o)
    0x0800071c   0x0800071c   0x00000000   Code   RO         6152    .text               c_w.l(indicate_semi.o)
    0x0800071c   0x0800071c   0x0000004a   Code   RO         6153    .text               c_w.l(sys_stackheap_outer.o)
    0x08000766   0x08000766   0x00000012   Code   RO         6159    .text               c_w.l(exit.o)
    0x08000778   0x08000778   0x0000000a   Code   RO         6161    .text               c_w.l(defsig_exit.o)
    0x08000782   0x08000782   0x00000002   PAD
    0x08000784   0x08000784   0x00000050   Code   RO         6167    .text               c_w.l(defsig_rtmem_inner.o)
    0x080007d4   0x080007d4   0x0000000c   Code   RO         6179    .text               c_w.l(sys_exit.o)
    0x080007e0   0x080007e0   0x00000032   Code   RO         6189    .text               c_w.l(defsig_general.o)
    0x08000812   0x08000812   0x0000000e   Code   RO         6209    .text               c_w.l(sys_wrch.o)
    0x08000820   0x08000820   0x00000004   Code   RO          544    i.BusFault_Handler  stm32f4xx_it.o
    0x08000824   0x08000824   0x00000010   Code   RO          545    i.CAN1_RX0_IRQHandler  stm32f4xx_it.o
    0x08000834   0x08000834   0x00000050   Code   RO         3601    i.CAN_chassis_can1  can_receive.o
    0x08000884   0x08000884   0x00000010   Code   RO          546    i.DMA1_Stream0_IRQHandler  stm32f4xx_it.o
    0x08000894   0x08000894   0x00000010   Code   RO          547    i.DMA1_Stream2_IRQHandler  stm32f4xx_it.o
    0x080008a4   0x080008a4   0x00000010   Code   RO          548    i.DMA1_Stream4_IRQHandler  stm32f4xx_it.o
    0x080008b4   0x080008b4   0x00000010   Code   RO          549    i.DMA1_Stream6_IRQHandler  stm32f4xx_it.o
    0x080008c4   0x080008c4   0x00000034   Code   RO         1481    i.DMA_CalcBaseAndBitshift  stm32f4xx_hal_dma.o
    0x080008f8   0x080008f8   0x000000aa   Code   RO         1482    i.DMA_CheckFifoParam  stm32f4xx_hal_dma.o
    0x080009a2   0x080009a2   0x0000002c   Code   RO         1483    i.DMA_SetConfig     stm32f4xx_hal_dma.o
    0x080009ce   0x080009ce   0x00000002   PAD
    0x080009d0   0x080009d0   0x00000018   Code   RO         3779    i.DMA_UART8_Send    chassis_task.o
    0x080009e8   0x080009e8   0x00000030   Code   RO         5670    i.DWT_CNT_Update    bsp_dwt.o
    0x08000a18   0x08000a18   0x0000004c   Code   RO         5672    i.DWT_GetDeltaT     bsp_dwt.o
    0x08000a64   0x08000a64   0x00000068   Code   RO         5677    i.DWT_Init          bsp_dwt.o
    0x08000acc   0x08000acc   0x00000002   Code   RO          550    i.DebugMon_Handler  stm32f4xx_it.o
    0x08000ace   0x08000ace   0x0000000a   Code   RO          551    i.EXTI2_IRQHandler  stm32f4xx_it.o
    0x08000ad8   0x08000ad8   0x00000002   Code   RO           13    i.Error_Handler     main.o
    0x08000ada   0x08000ada   0x0000002a   Code   RO          687    i.HAL_CAN_ActivateNotification  stm32f4xx_hal_can.o
    0x08000b04   0x08000b04   0x0000014a   Code   RO          688    i.HAL_CAN_AddTxMessage  stm32f4xx_hal_can.o
    0x08000c4e   0x08000c4e   0x00000002   PAD
    0x08000c50   0x08000c50   0x00000124   Code   RO          689    i.HAL_CAN_ConfigFilter  stm32f4xx_hal_can.o
    0x08000d74   0x08000d74   0x00000002   Code   RO          692    i.HAL_CAN_ErrorCallback  stm32f4xx_hal_can.o
    0x08000d76   0x08000d76   0x00000194   Code   RO          695    i.HAL_CAN_GetRxMessage  stm32f4xx_hal_can.o
    0x08000f0a   0x08000f0a   0x0000024e   Code   RO          699    i.HAL_CAN_IRQHandler  stm32f4xx_hal_can.o
    0x08001158   0x08001158   0x00000174   Code   RO          700    i.HAL_CAN_Init      stm32f4xx_hal_can.o
    0x080012cc   0x080012cc   0x00000098   Code   RO          338    i.HAL_CAN_MspInit   can.o
    0x08001364   0x08001364   0x00000002   Code   RO          707    i.HAL_CAN_RxFifo0FullCallback  stm32f4xx_hal_can.o
    0x08001366   0x08001366   0x00000002   PAD
    0x08001368   0x08001368   0x00000154   Code   RO         3602    i.HAL_CAN_RxFifo0MsgPendingCallback  can_receive.o
    0x080014bc   0x080014bc   0x00000002   Code   RO          709    i.HAL_CAN_RxFifo1FullCallback  stm32f4xx_hal_can.o
    0x080014be   0x080014be   0x00000002   Code   RO          710    i.HAL_CAN_RxFifo1MsgPendingCallback  stm32f4xx_hal_can.o
    0x080014c0   0x080014c0   0x00000002   Code   RO          711    i.HAL_CAN_SleepCallback  stm32f4xx_hal_can.o
    0x080014c2   0x080014c2   0x0000005e   Code   RO          712    i.HAL_CAN_Start     stm32f4xx_hal_can.o
    0x08001520   0x08001520   0x00000002   Code   RO          714    i.HAL_CAN_TxMailbox0AbortCallback  stm32f4xx_hal_can.o
    0x08001522   0x08001522   0x00000002   Code   RO          715    i.HAL_CAN_TxMailbox0CompleteCallback  stm32f4xx_hal_can.o
    0x08001524   0x08001524   0x00000002   Code   RO          716    i.HAL_CAN_TxMailbox1AbortCallback  stm32f4xx_hal_can.o
    0x08001526   0x08001526   0x00000002   Code   RO          717    i.HAL_CAN_TxMailbox1CompleteCallback  stm32f4xx_hal_can.o
    0x08001528   0x08001528   0x00000002   Code   RO          718    i.HAL_CAN_TxMailbox2AbortCallback  stm32f4xx_hal_can.o
    0x0800152a   0x0800152a   0x00000002   Code   RO          719    i.HAL_CAN_TxMailbox2CompleteCallback  stm32f4xx_hal_can.o
    0x0800152c   0x0800152c   0x00000002   Code   RO          721    i.HAL_CAN_WakeUpFromRxMsgCallback  stm32f4xx_hal_can.o
    0x0800152e   0x0800152e   0x000000ac   Code   RO         1484    i.HAL_DMA_Abort     stm32f4xx_hal_dma.o
    0x080015da   0x080015da   0x00000028   Code   RO         1485    i.HAL_DMA_Abort_IT  stm32f4xx_hal_dma.o
    0x08001602   0x08001602   0x00000002   PAD
    0x08001604   0x08001604   0x00000240   Code   RO         1489    i.HAL_DMA_IRQHandler  stm32f4xx_hal_dma.o
    0x08001844   0x08001844   0x000000ec   Code   RO         1490    i.HAL_DMA_Init      stm32f4xx_hal_dma.o
    0x08001930   0x08001930   0x00000092   Code   RO         1494    i.HAL_DMA_Start_IT  stm32f4xx_hal_dma.o
    0x080019c2   0x080019c2   0x00000002   Code   RO         1375    i.HAL_GPIO_EXTI_Callback  stm32f4xx_hal_gpio.o
    0x080019c4   0x080019c4   0x0000001c   Code   RO         1376    i.HAL_GPIO_EXTI_IRQHandler  stm32f4xx_hal_gpio.o
    0x080019e0   0x080019e0   0x00000210   Code   RO         1377    i.HAL_GPIO_Init     stm32f4xx_hal_gpio.o
    0x08001bf0   0x08001bf0   0x0000000c   Code   RO         1381    i.HAL_GPIO_WritePin  stm32f4xx_hal_gpio.o
    0x08001bfc   0x08001bfc   0x0000000c   Code   RO         1952    i.HAL_GetTick       stm32f4xx_hal.o
    0x08001c08   0x08001c08   0x00000018   Code   RO         1958    i.HAL_IncTick       stm32f4xx_hal.o
    0x08001c20   0x08001c20   0x0000003c   Code   RO         1959    i.HAL_Init          stm32f4xx_hal.o
    0x08001c5c   0x08001c5c   0x0000004c   Code   RO         1960    i.HAL_InitTick      stm32f4xx_hal.o
    0x08001ca8   0x08001ca8   0x00000054   Code   RO          662    i.HAL_MspInit       stm32f4xx_hal_msp.o
    0x08001cfc   0x08001cfc   0x00000028   Code   RO         1787    i.HAL_NVIC_EnableIRQ  stm32f4xx_hal_cortex.o
    0x08001d24   0x08001d24   0x0000007c   Code   RO         1793    i.HAL_NVIC_SetPriority  stm32f4xx_hal_cortex.o
    0x08001da0   0x08001da0   0x00000028   Code   RO         1794    i.HAL_NVIC_SetPriorityGrouping  stm32f4xx_hal_cortex.o
    0x08001dc8   0x08001dc8   0x00000184   Code   RO          921    i.HAL_RCC_ClockConfig  stm32f4xx_hal_rcc.o
    0x08001f4c   0x08001f4c   0x0000000c   Code   RO          926    i.HAL_RCC_GetHCLKFreq  stm32f4xx_hal_rcc.o
    0x08001f58   0x08001f58   0x00000020   Code   RO          928    i.HAL_RCC_GetPCLK1Freq  stm32f4xx_hal_rcc.o
    0x08001f78   0x08001f78   0x00000020   Code   RO          929    i.HAL_RCC_GetPCLK2Freq  stm32f4xx_hal_rcc.o
    0x08001f98   0x08001f98   0x000000b0   Code   RO          930    i.HAL_RCC_GetSysClockFreq  stm32f4xx_hal_rcc.o
    0x08002048   0x08002048   0x0000049c   Code   RO          933    i.HAL_RCC_OscConfig  stm32f4xx_hal_rcc.o
    0x080024e4   0x080024e4   0x00000034   Code   RO         1798    i.HAL_SYSTICK_Config  stm32f4xx_hal_cortex.o
    0x08002518   0x08002518   0x00000002   Code   RO         2924    i.HAL_TIMEx_BreakCallback  stm32f4xx_hal_tim_ex.o
    0x0800251a   0x0800251a   0x00000002   Code   RO         2925    i.HAL_TIMEx_CommutCallback  stm32f4xx_hal_tim_ex.o
    0x0800251c   0x0800251c   0x00000074   Code   RO         2927    i.HAL_TIMEx_ConfigBreakDeadTime  stm32f4xx_hal_tim_ex.o
    0x08002590   0x08002590   0x000000b4   Code   RO         2943    i.HAL_TIMEx_MasterConfigSynchronization  stm32f4xx_hal_tim_ex.o
    0x08002644   0x08002644   0x00000066   Code   RO         2209    i.HAL_TIM_Base_Init  stm32f4xx_hal_tim.o
    0x080026aa   0x080026aa   0x00000002   PAD
    0x080026ac   0x080026ac   0x00000208   Code   RO          404    i.HAL_TIM_Base_MspInit  tim.o
    0x080028b4   0x080028b4   0x0000010c   Code   RO         2218    i.HAL_TIM_ConfigClockSource  stm32f4xx_hal_tim.o
    0x080029c0   0x080029c0   0x00000002   Code   RO         2243    i.HAL_TIM_IC_CaptureCallback  stm32f4xx_hal_tim.o
    0x080029c2   0x080029c2   0x000000de   Code   RO         2245    i.HAL_TIM_IC_ConfigChannel  stm32f4xx_hal_tim.o
    0x08002aa0   0x08002aa0   0x00000066   Code   RO         2248    i.HAL_TIM_IC_Init   stm32f4xx_hal_tim.o
    0x08002b06   0x08002b06   0x00000002   Code   RO         2250    i.HAL_TIM_IC_MspInit  stm32f4xx_hal_tim.o
    0x08002b08   0x08002b08   0x00000190   Code   RO         2253    i.HAL_TIM_IC_Start_IT  stm32f4xx_hal_tim.o
    0x08002c98   0x08002c98   0x000000de   Code   RO         2256    i.HAL_TIM_IC_Stop_IT  stm32f4xx_hal_tim.o
    0x08002d76   0x08002d76   0x0000016c   Code   RO         2257    i.HAL_TIM_IRQHandler  stm32f4xx_hal_tim.o
    0x08002ee2   0x08002ee2   0x00000002   PAD
    0x08002ee4   0x08002ee4   0x00000148   Code   RO          405    i.HAL_TIM_MspPostInit  tim.o
    0x0800302c   0x0800302c   0x00000002   Code   RO         2260    i.HAL_TIM_OC_DelayElapsedCallback  stm32f4xx_hal_tim.o
    0x0800302e   0x0800302e   0x00000104   Code   RO         2281    i.HAL_TIM_PWM_ConfigChannel  stm32f4xx_hal_tim.o
    0x08003132   0x08003132   0x00000066   Code   RO         2284    i.HAL_TIM_PWM_Init  stm32f4xx_hal_tim.o
    0x08003198   0x08003198   0x00000002   Code   RO         2286    i.HAL_TIM_PWM_MspInit  stm32f4xx_hal_tim.o
    0x0800319a   0x0800319a   0x00000002   Code   RO         2287    i.HAL_TIM_PWM_PulseFinishedCallback  stm32f4xx_hal_tim.o
    0x0800319c   0x0800319c   0x0000010c   Code   RO         2289    i.HAL_TIM_PWM_Start  stm32f4xx_hal_tim.o
    0x080032a8   0x080032a8   0x00000002   Code   RO         2295    i.HAL_TIM_PeriodElapsedCallback  stm32f4xx_hal_tim.o
    0x080032aa   0x080032aa   0x00000032   Code   RO         2297    i.HAL_TIM_ReadCapturedValue  stm32f4xx_hal_tim.o
    0x080032dc   0x080032dc   0x00000002   Code   RO         2300    i.HAL_TIM_TriggerCallback  stm32f4xx_hal_tim.o
    0x080032de   0x080032de   0x00000002   Code   RO         3203    i.HAL_UARTEx_RxEventCallback  stm32f4xx_hal_uart.o
    0x080032e0   0x080032e0   0x00000002   Code   RO         3217    i.HAL_UART_ErrorCallback  stm32f4xx_hal_uart.o
    0x080032e2   0x080032e2   0x00000002   PAD
    0x080032e4   0x080032e4   0x000002e8   Code   RO         3220    i.HAL_UART_IRQHandler  stm32f4xx_hal_uart.o
    0x080035cc   0x080035cc   0x00000076   Code   RO         3221    i.HAL_UART_Init     stm32f4xx_hal_uart.o
    0x08003642   0x08003642   0x00000002   PAD
    0x08003644   0x08003644   0x000002a8   Code   RO          482    i.HAL_UART_MspInit  usart.o
    0x080038ec   0x080038ec   0x0000002c   Code   RO         3225    i.HAL_UART_Receive_DMA  stm32f4xx_hal_uart.o
    0x08003918   0x08003918   0x00000002   Code   RO         3227    i.HAL_UART_RxCpltCallback  stm32f4xx_hal_uart.o
    0x0800391a   0x0800391a   0x00000002   Code   RO         3228    i.HAL_UART_RxHalfCpltCallback  stm32f4xx_hal_uart.o
    0x0800391c   0x0800391c   0x0000008c   Code   RO         3230    i.HAL_UART_Transmit_DMA  stm32f4xx_hal_uart.o
    0x080039a8   0x080039a8   0x00000002   Code   RO         3232    i.HAL_UART_TxCpltCallback  stm32f4xx_hal_uart.o
    0x080039aa   0x080039aa   0x00000002   Code   RO         3233    i.HAL_UART_TxHalfCpltCallback  stm32f4xx_hal_uart.o
    0x080039ac   0x080039ac   0x00000010   Code   RO         3864    i.HC_SR04Task       hc_sr04task.o
    0x080039bc   0x080039bc   0x00000004   Code   RO          552    i.HardFault_Handler  stm32f4xx_it.o
    0x080039c0   0x080039c0   0x00000044   Code   RO          339    i.MX_CAN1_Init      can.o
    0x08003a04   0x08003a04   0x00000068   Code   RO          379    i.MX_DMA_Init       dma.o
    0x08003a6c   0x08003a6c   0x00000098   Code   RO          251    i.MX_FREERTOS_Init  freertos.o
    0x08003b04   0x08003b04   0x00000178   Code   RO          227    i.MX_GPIO_Init      gpio.o
    0x08003c7c   0x08003c7c   0x0000009c   Code   RO          406    i.MX_TIM2_Init      tim.o
    0x08003d18   0x08003d18   0x000000a8   Code   RO          407    i.MX_TIM3_Init      tim.o
    0x08003dc0   0x08003dc0   0x000000d8   Code   RO          408    i.MX_TIM4_Init      tim.o
    0x08003e98   0x08003e98   0x000000b0   Code   RO          409    i.MX_TIM5_Init      tim.o
    0x08003f48   0x08003f48   0x0000010c   Code   RO          410    i.MX_TIM8_Init      tim.o
    0x08004054   0x08004054   0x000000a0   Code   RO          411    i.MX_TIM9_Init      tim.o
    0x080040f4   0x080040f4   0x00000054   Code   RO          483    i.MX_UART4_Init     usart.o
    0x08004148   0x08004148   0x00000054   Code   RO          484    i.MX_UART8_Init     usart.o
    0x0800419c   0x0800419c   0x00000038   Code   RO          485    i.MX_USART6_UART_Init  usart.o
    0x080041d4   0x080041d4   0x00000004   Code   RO          553    i.MemManage_Handler  stm32f4xx_it.o
    0x080041d8   0x080041d8   0x00000004   Code   RO          554    i.NMI_Handler       stm32f4xx_it.o
    0x080041dc   0x080041dc   0x0000024c   Code   RO         5749    i.OLS_Derivative    user_lib.o
    0x08004428   0x08004428   0x00000058   Code   RO         5750    i.OLS_Init          user_lib.o
    0x08004480   0x08004480   0x000002d0   Code   RO         5367    i.PID_Calculate     controller.o
    0x08004750   0x08004750   0x000000bc   Code   RO         5369    i.PID_Init          controller.o
    0x0800480c   0x0800480c   0x00000110   Code   RO         3865    i.SR04_GetData      hc_sr04task.o
    0x0800491c   0x0800491c   0x0000000a   Code   RO          252    i.StartDefaultTask  freertos.o
    0x08004926   0x08004926   0x00000002   PAD
    0x08004928   0x08004928   0x00000118   Code   RO         3780    i.StartchassisTask  chassis_task.o
    0x08004a40   0x08004a40   0x00000014   Code   RO          555    i.SysTick_Handler   stm32f4xx_it.o
    0x08004a54   0x08004a54   0x000000b8   Code   RO           14    i.SystemClock_Config  main.o
    0x08004b0c   0x08004b0c   0x00000014   Code   RO         3565    i.SystemInit        system_stm32f4xx.o
    0x08004b20   0x08004b20   0x00000010   Code   RO          556    i.TIM2_IRQHandler   stm32f4xx_it.o
    0x08004b30   0x08004b30   0x00000084   Code   RO         3866    i.TIM5_IRQHandler   hc_sr04task.o
    0x08004bb4   0x08004bb4   0x000000e8   Code   RO         2302    i.TIM_Base_SetConfig  stm32f4xx_hal_tim.o
    0x08004c9c   0x08004c9c   0x00000022   Code   RO         2303    i.TIM_CCxChannelCmd  stm32f4xx_hal_tim.o
    0x08004cbe   0x08004cbe   0x00000016   Code   RO         2313    i.TIM_ETR_SetConfig  stm32f4xx_hal_tim.o
    0x08004cd4   0x08004cd4   0x00000012   Code   RO         2314    i.TIM_ITRx_SetConfig  stm32f4xx_hal_tim.o
    0x08004ce6   0x08004ce6   0x00000002   PAD
    0x08004ce8   0x08004ce8   0x00000070   Code   RO         2315    i.TIM_OC1_SetConfig  stm32f4xx_hal_tim.o
    0x08004d58   0x08004d58   0x0000007c   Code   RO         2316    i.TIM_OC2_SetConfig  stm32f4xx_hal_tim.o
    0x08004dd4   0x08004dd4   0x00000078   Code   RO         2317    i.TIM_OC3_SetConfig  stm32f4xx_hal_tim.o
    0x08004e4c   0x08004e4c   0x00000054   Code   RO         2318    i.TIM_OC4_SetConfig  stm32f4xx_hal_tim.o
    0x08004ea0   0x08004ea0   0x00000026   Code   RO         2320    i.TIM_TI1_ConfigInputStage  stm32f4xx_hal_tim.o
    0x08004ec6   0x08004ec6   0x00000002   PAD
    0x08004ec8   0x08004ec8   0x00000090   Code   RO         2321    i.TIM_TI1_SetConfig  stm32f4xx_hal_tim.o
    0x08004f58   0x08004f58   0x00000028   Code   RO         2322    i.TIM_TI2_ConfigInputStage  stm32f4xx_hal_tim.o
    0x08004f80   0x08004f80   0x0000003a   Code   RO         2323    i.TIM_TI2_SetConfig  stm32f4xx_hal_tim.o
    0x08004fba   0x08004fba   0x00000038   Code   RO         2324    i.TIM_TI3_SetConfig  stm32f4xx_hal_tim.o
    0x08004ff2   0x08004ff2   0x0000003c   Code   RO         2325    i.TIM_TI4_SetConfig  stm32f4xx_hal_tim.o
    0x0800502e   0x0800502e   0x00000002   PAD
    0x08005030   0x08005030   0x00000010   Code   RO          557    i.UART4_IRQHandler  stm32f4xx_it.o
    0x08005040   0x08005040   0x000000f0   Code   RO         3781    i.UART8_IRQHandler  chassis_task.o
    0x08005130   0x08005130   0x00000014   Code   RO         3234    i.UART_DMAAbortOnError  stm32f4xx_hal_uart.o
    0x08005144   0x08005144   0x00000050   Code   RO         3235    i.UART_DMAError     stm32f4xx_hal_uart.o
    0x08005194   0x08005194   0x000000b4   Code   RO         3236    i.UART_DMAReceiveCplt  stm32f4xx_hal_uart.o
    0x08005248   0x08005248   0x00000024   Code   RO         3238    i.UART_DMARxHalfCplt  stm32f4xx_hal_uart.o
    0x0800526c   0x0800526c   0x00000058   Code   RO         3240    i.UART_DMATransmitCplt  stm32f4xx_hal_uart.o
    0x080052c4   0x080052c4   0x0000000e   Code   RO         3242    i.UART_DMATxHalfCplt  stm32f4xx_hal_uart.o
    0x080052d2   0x080052d2   0x0000006c   Code   RO         3244    i.UART_EndRxTransfer  stm32f4xx_hal_uart.o
    0x0800533e   0x0800533e   0x00000020   Code   RO         3245    i.UART_EndTransmit_IT  stm32f4xx_hal_uart.o
    0x0800535e   0x0800535e   0x00000026   Code   RO         3246    i.UART_EndTxTransfer  stm32f4xx_hal_uart.o
    0x08005384   0x08005384   0x000000fc   Code   RO         3247    i.UART_Receive_IT   stm32f4xx_hal_uart.o
    0x08005480   0x08005480   0x0000022c   Code   RO         3248    i.UART_SetConfig    stm32f4xx_hal_uart.o
    0x080056ac   0x080056ac   0x000000c8   Code   RO         3249    i.UART_Start_Receive_DMA  stm32f4xx_hal_uart.o
    0x08005774   0x08005774   0x00000060   Code   RO         3251    i.UART_Transmit_IT  stm32f4xx_hal_uart.o
    0x080057d4   0x080057d4   0x00000010   Code   RO          558    i.USART6_IRQHandler  stm32f4xx_it.o
    0x080057e4   0x080057e4   0x00000004   Code   RO          559    i.UsageFault_Handler  stm32f4xx_it.o
    0x080057e8   0x080057e8   0x00000010   Code   RO         1800    i.__NVIC_GetPriorityGrouping  stm32f4xx_hal_cortex.o
    0x080057f8   0x080057f8   0x00000028   Code   RO         1801    i.__NVIC_SetPriority  stm32f4xx_hal_cortex.o
    0x08005820   0x08005820   0x00000014   Code   RO         5986    i.__hardfp_fabs     m_wm.l(fabs.o)
    0x08005834   0x08005834   0x0000003c   Code   RO         5572    i.can_filter_init   bsp_can.o
    0x08005870   0x08005870   0x000000e6   Code   RO         3782    i.chassis_control_loop  chassis_task.o
    0x08005956   0x08005956   0x00000002   PAD
    0x08005958   0x08005958   0x000000b4   Code   RO         3783    i.chassis_feedback_update  chassis_task.o
    0x08005a0c   0x08005a0c   0x00000130   Code   RO         3784    i.chassis_init      chassis_task.o
    0x08005b3c   0x08005b3c   0x00000080   Code   RO         3785    i.chassis_set_contorl  chassis_task.o
    0x08005bbc   0x08005bbc   0x00000140   Code   RO         3786    i.chassis_set_mode  chassis_task.o
    0x08005cfc   0x08005cfc   0x000000f0   Code   RO         5370    i.f_Changing_Integration_Rate  controller.o
    0x08005dec   0x08005dec   0x00000056   Code   RO         5371    i.f_Derivative_Filter  controller.o
    0x08005e42   0x08005e42   0x000000f4   Code   RO         5372    i.f_Derivative_On_Measurement  controller.o
    0x08005f36   0x08005f36   0x00000002   PAD
    0x08005f38   0x08005f38   0x000000f0   Code   RO         5373    i.f_Integral_Limit  controller.o
    0x08006028   0x08006028   0x00000056   Code   RO         5374    i.f_Output_Filter   controller.o
    0x0800607e   0x0800607e   0x00000046   Code   RO         5375    i.f_Output_Limit    controller.o
    0x080060c4   0x080060c4   0x000000b4   Code   RO         5376    i.f_PID_ErrorHandle  controller.o
    0x08006178   0x08006178   0x00000046   Code   RO         5377    i.f_Proportion_Limit  controller.o
    0x080061be   0x080061be   0x00000080   Code   RO         5378    i.f_Trapezoid_Intergral  controller.o
    0x0800623e   0x0800623e   0x00000002   PAD
    0x08006240   0x08006240   0x00000008   Code   RO         3603    i.get_clamp_motor_point  can_receive.o
    0x08006248   0x08006248   0x00000008   Code   RO         3605    i.get_picture_motor_point  can_receive.o
    0x08006250   0x08006250   0x000000f4   Code   RO         3911    i.loop_task         loop_task.o
    0x08006344   0x08006344   0x000000b0   Code   RO           15    i.main              main.o
    0x080063f4   0x080063f4   0x0000000e   Code   RO         4830    i.makeFreeRtosPriority  cmsis_os.o
    0x08006402   0x08006402   0x00000018   Code   RO         4832    i.osDelay           cmsis_os.o
    0x0800641a   0x0800641a   0x0000000a   Code   RO         4835    i.osKernelStart     cmsis_os.o
    0x08006424   0x08006424   0x0000005e   Code   RO         4869    i.osThreadCreate    cmsis_os.o
    0x08006482   0x08006482   0x00000002   PAD
    0x08006484   0x08006484   0x00000098   Code   RO         4501    i.prvAddCurrentTaskToDelayedList  tasks.o
    0x0800651c   0x0800651c   0x000000b4   Code   RO         4502    i.prvAddNewTaskToReadyList  tasks.o
    0x080065d0   0x080065d0   0x00000048   Code   RO         4503    i.prvCheckTasksWaitingTermination  tasks.o
    0x08006618   0x08006618   0x00000050   Code   RO         4504    i.prvDeleteTCB      tasks.o
    0x08006668   0x08006668   0x0000007c   Code   RO         5197    i.prvHeapInit       heap_4.o
    0x080066e4   0x080066e4   0x00000028   Code   RO         4505    i.prvIdleTask       tasks.o
    0x0800670c   0x0800670c   0x000000b4   Code   RO         4506    i.prvInitialiseNewTask  tasks.o
    0x080067c0   0x080067c0   0x00000068   Code   RO         4507    i.prvInitialiseTaskLists  tasks.o
    0x08006828   0x08006828   0x00000068   Code   RO         5198    i.prvInsertBlockIntoFreeList  heap_4.o
    0x08006890   0x08006890   0x00000034   Code   RO         4508    i.prvResetNextTaskUnblockTime  tasks.o
    0x080068c4   0x080068c4   0x00000040   Code   RO         5265    i.prvTaskExitError  port.o
    0x08006904   0x08006904   0x0000014c   Code   RO         5199    i.pvPortMalloc      heap_4.o
    0x08006a50   0x08006a50   0x0000002c   Code   RO         5266    i.pxPortInitialiseStack  port.o
    0x08006a7c   0x08006a7c   0x000000cc   Code   RO         3912    i.trash_four_yaw_pitch  loop_task.o
    0x08006b48   0x08006b48   0x000000cc   Code   RO         3913    i.trash_one_yaw_pitch  loop_task.o
    0x08006c14   0x08006c14   0x000000cc   Code   RO         3914    i.trash_three_yaw_pitch  loop_task.o
    0x08006ce0   0x08006ce0   0x000000cc   Code   RO         3915    i.trash_two_yaw_pitch  loop_task.o
    0x08006dac   0x08006dac   0x00000024   Code   RO         3916    i.trash_zero_yaw_pitch  loop_task.o
    0x08006dd0   0x08006dd0   0x00000050   Code   RO         3992    i.two_delay_Task    two_delay_task.o
    0x08006e20   0x08006e20   0x00000028   Code   RO         4127    i.uxListRemove      list.o
    0x08006e48   0x08006e48   0x00000018   Code   RO          253    i.vApplicationGetIdleTaskMemory  freertos.o
    0x08006e60   0x08006e60   0x0000001a   Code   RO         4128    i.vListInitialise   list.o
    0x08006e7a   0x08006e7a   0x00000006   Code   RO         4129    i.vListInitialiseItem  list.o
    0x08006e80   0x08006e80   0x00000034   Code   RO         4130    i.vListInsert       list.o
    0x08006eb4   0x08006eb4   0x00000018   Code   RO         4131    i.vListInsertEnd    list.o
    0x08006ecc   0x08006ecc   0x00000054   Code   RO         5268    i.vPortEnterCritical  port.o
    0x08006f20   0x08006f20   0x0000003c   Code   RO         5269    i.vPortExitCritical  port.o
    0x08006f5c   0x08006f5c   0x000000a4   Code   RO         5200    i.vPortFree         heap_4.o
    0x08007000   0x08007000   0x00000028   Code   RO         5270    i.vPortSetupTimerInterrupt  port.o
    0x08007028   0x08007028   0x0000005c   Code   RO         4517    i.vTaskDelay        tasks.o
    0x08007084   0x08007084   0x000000b0   Code   RO         4530    i.vTaskStartScheduler  tasks.o
    0x08007134   0x08007134   0x00000010   Code   RO         4532    i.vTaskSuspendAll   tasks.o
    0x08007144   0x08007144   0x0000008c   Code   RO         4533    i.vTaskSwitchContext  tasks.o
    0x080071d0   0x080071d0   0x00000168   Code   RO         5272    i.xPortStartScheduler  port.o
    0x08007338   0x08007338   0x00000034   Code   RO         5273    i.xPortSysTickHandler  port.o
    0x0800736c   0x0800736c   0x00000064   Code   RO         4536    i.xTaskCreate       tasks.o
    0x080073d0   0x080073d0   0x000000ba   Code   RO         4537    i.xTaskCreateStatic  tasks.o
    0x0800748a   0x0800748a   0x00000002   PAD
    0x0800748c   0x0800748c   0x00000020   Code   RO         4541    i.xTaskGetSchedulerState  tasks.o
    0x080074ac   0x080074ac   0x00000148   Code   RO         4544    i.xTaskIncrementTick  tasks.o
    0x080075f4   0x080075f4   0x00000104   Code   RO         4550    i.xTaskResumeAll    tasks.o
    0x080076f8   0x080076f8   0x00000062   Code   RO         5960    x$fpl$d2f           fz_wm.l(d2f.o)
    0x0800775a   0x0800775a   0x00000018   Code   RO         6091    x$fpl$dcmpinf       fz_wm.l(dcmpi.o)
    0x08007772   0x08007772   0x00000002   PAD
    0x08007774   0x08007774   0x000002b0   Code   RO         5969    x$fpl$ddiv          fz_wm.l(ddiv.o)
    0x08007a24   0x08007a24   0x00000026   Code   RO         5972    x$fpl$dfltu         fz_wm.l(dflt_clz.o)
    0x08007a4a   0x08007a4a   0x00000002   PAD
    0x08007a4c   0x08007a4c   0x00000078   Code   RO         5978    x$fpl$dleqf         fz_wm.l(dleqf.o)
    0x08007ac4   0x08007ac4   0x00000154   Code   RO         5980    x$fpl$dmul          fz_wm.l(dmul.o)
    0x08007c18   0x08007c18   0x0000009c   Code   RO         6093    x$fpl$dnaninf       fz_wm.l(dnaninf.o)
    0x08007cb4   0x08007cb4   0x0000000c   Code   RO         6095    x$fpl$dretinf       fz_wm.l(dretinf.o)
    0x08007cc0   0x08007cc0   0x00000056   Code   RO         5984    x$fpl$f2d           fz_wm.l(f2d.o)
    0x08007d16   0x08007d16   0x0000008c   Code   RO         6099    x$fpl$fnaninf       fz_wm.l(fnaninf.o)
    0x08007da2   0x08007da2   0x0000000a   Code   RO         6148    x$fpl$fpinit        fz_wm.l(fpinit.o)
    0x08007dac   0x08007dac   0x0000000a   Code   RO         6101    x$fpl$fretinf       fz_wm.l(fretinf.o)
    0x08007db6   0x08007db6   0x00000000   Code   RO         6103    x$fpl$usenofp       fz_wm.l(usenofp.o)
    0x08007db6   0x08007db6   0x00000002   PAD
    0x08007db8   0x08007db8   0x0000008c   Data   RO          255    .constdata          freertos.o
    0x08007e44   0x08007e44   0x00000008   Data   RO         1496    .constdata          stm32f4xx_hal_dma.o
    0x08007e4c   0x08007e4c   0x00000018   Data   RO         3566    .constdata          system_stm32f4xx.o
    0x08007e64   0x08007e64   0x00000040   Data   RO          256    .conststring        freertos.o
    0x08007ea4   0x08007ea4   0x00000020   Data   RO         6237    Region$$Table       anon$$obj.o


    Execution Region RW_IRAM2 (Exec base: 0x10000000, Load base: 0x08007f50, Size: 0x00000000, Max: 0x00010000, ABSOLUTE)

    **** No section assigned to this execution region ****


    Execution Region RW_IRAM1 (Exec base: 0x20000000, Load base: 0x08007ec4, Size: 0x00005150, Max: 0x00030000, ABSOLUTE, COMPRESSED[0x0000008c])

    Exec Addr    Load Addr    Size         Type   Attr      Idx    E Section Name        Object

    0x20000000   COMPRESSED   0x00000018   Data   RW          257    .data               freertos.o
    0x20000018   COMPRESSED   0x00000002   Data   RW          487    .data               usart.o
    0x2000001a   COMPRESSED   0x00000002   PAD
    0x2000001c   COMPRESSED   0x00000009   Data   RW         1966    .data               stm32f4xx_hal.o
    0x20000025   COMPRESSED   0x00000003   PAD
    0x20000028   COMPRESSED   0x00000004   Data   RW         3567    .data               system_stm32f4xx.o
    0x2000002c   COMPRESSED   0x00000009   Data   RW         3607    .data               can_receive.o
    0x20000035   COMPRESSED   0x00000003   PAD
    0x20000038   COMPRESSED   0x00000018   Data   RW         3788    .data               chassis_task.o
    0x20000050   COMPRESSED   0x00000035   Data   RW         3868    .data               hc_sr04task.o
    0x20000085   COMPRESSED   0x00000003   PAD
    0x20000088   COMPRESSED   0x0000000c   Data   RW         3918    .data               loop_task.o
    0x20000094   COMPRESSED   0x00000008   Data   RW         3993    .data               two_delay_task.o
    0x2000009c   COMPRESSED   0x0000003c   Data   RW         4553    .data               tasks.o
    0x200000d8   COMPRESSED   0x00000020   Data   RW         5206    .data               heap_4.o
    0x200000f8   COMPRESSED   0x0000000c   Data   RW         5274    .data               port.o
    0x20000104   COMPRESSED   0x00000254   Data   RW         5379    .data               controller.o
    0x20000358   COMPRESSED   0x00000040   Data   RW         5679    .data               bsp_dwt.o
    0x20000398   COMPRESSED   0x0000000c   Data   RW         5766    .data               user_lib.o
    0x200003a4        -       0x00000254   Zero   RW          254    .bss                freertos.o
    0x200005f8        -       0x00000028   Zero   RW          340    .bss                can.o
    0x20000620        -       0x000001b0   Zero   RW          412    .bss                tim.o
    0x200007d0        -       0x00000258   Zero   RW          486    .bss                usart.o
    0x20000a28        -       0x00000048   Zero   RW         3606    .bss                can_receive.o
    0x20000a70        -       0x0000036c   Zero   RW         3787    .bss                chassis_task.o
    0x20000ddc        -       0x0000000c   Zero   RW         3867    .bss                hc_sr04task.o
    0x20000de8        -       0x00000014   Zero   RW         3917    .bss                loop_task.o
    0x20000dfc        -       0x000000f0   Zero   RW         4552    .bss                tasks.o
    0x20000eec        -       0x00003c00   Zero   RW         5205    .bss                heap_4.o
    0x20004aec        -       0x00000060   Zero   RW         6107    .bss                c_w.l(libspace.o)
    0x20004b4c   COMPRESSED   0x00000004   PAD
    0x20004b50        -       0x00000200   Zero   RW            2    HEAP                startup_stm32f427xx.o
    0x20004d50        -       0x00000400   Zero   RW            1    STACK               startup_stm32f427xx.o


==============================================================================

Image component sizes


      Code (inc. data)   RO Data    RW Data    ZI Data      Debug   Object Name

        60          4          0          0          0     612082   bsp_can.o
       228         50          0         64          0       3482   bsp_dwt.o
       220         24          0          0         40       1841   can.o
       436         36          0          9         72     616722   can_receive.o
      1706        148          0         24        876       9677   chassis_task.o
       142          0          0          0          0      23411   cmsis_os.o
      2252         38          0        596          0       9903   controller.o
       104          4          0          0          0        870   dma.o
         0          0          0          0          0      17096   event_groups.o
       186         36        204         24        596       4020   freertos.o
       376         16          0          0          0       1263   gpio.o
       420         72          0         53         12       2887   hc_sr04task.o
       724         74          0         32      15360       7723   heap_4.o
       148          0          0          0          0       3830   list.o
      1096        124          0         12         20       9000   loop_task.o
       362         26          0          0          0     787768   main.o
       894         78          0         12          0      11604   port.o
        64         26        428          0       1536        880   startup_stm32f427xx.o
       172         32          0          9          0       9189   stm32f4xx_hal.o
      2148          6          0          0          0      15211   stm32f4xx_hal_can.o
       312         22          0          0          0      34635   stm32f4xx_hal_cortex.o
      1436         16          8          0          0       7398   stm32f4xx_hal_dma.o
       570         58          0          0          0       3544   stm32f4xx_hal_gpio.o
        84          6          0          0          0        942   stm32f4xx_hal_msp.o
      1820         84          0          0          0       5900   stm32f4xx_hal_rcc.o
      3516        170          0          0          0      25809   stm32f4xx_hal_tim.o
       300         30          0          0          0       3561   stm32f4xx_hal_tim_ex.o
      2758         40          0          0          0      18424   stm32f4xx_hal_uart.o
       180         48          0          0          0       8489   stm32f4xx_it.o
         0          0          0          0          0        416   stream_buffer.o
        20          6         24          4          0       1255   system_stm32f4xx.o
      2190        278          0         60        240      21878   tasks.o
      1992        120          0          0        432       7273   tim.o
        80         18          0          8          0        902   two_delay_task.o
       904         84          0          2        600       5673   usart.o
       676         16          0         12          0       4790   user_lib.o

    ----------------------------------------------------------------------
     28612       1790        696        932      19784    2299348   Object Totals
         0          0         32          0          0          0   (incl. Generated)
        36          0          0         11          0          0   (incl. Padding)

    ----------------------------------------------------------------------

      Code (inc. data)   RO Data    RW Data    ZI Data      Debug   Library Member Name

        90          0          0          0          0          0   __dczerorl2.o
         8          0          0          0          0         68   __main.o
         0          0          0          0          0          0   __rtentry.o
        12          0          0          0          0          0   __rtentry2.o
         6          0          0          0          0          0   __rtentry4.o
        52          8          0          0          0          0   __scatter.o
        28          0          0          0          0          0   __scatter_zi.o
        10          0          0          0          0         68   defsig_exit.o
        50          0          0          0          0         88   defsig_general.o
        80         58          0          0          0         76   defsig_rtmem_inner.o
        14          0          0          0          0         80   defsig_rtmem_outer.o
        18          0          0          0          0         80   exit.o
        94          0          0          0          0         80   h1_alloc.o
        52          0          0          0          0         68   h1_extend.o
        78          0          0          0          0         80   h1_free.o
        14          0          0          0          0         84   h1_init.o
         6          0          0          0          0        152   heapauxi.o
         4          0          0          0          0        136   hguard.o
         0          0          0          0          0          0   indicate_semi.o
       138          0          0          0          0        168   init_alloc.o
         2          0          0          0          0          0   libinit.o
        14          0          0          0          0          0   libinit2.o
         2          0          0          0          0          0   libshutdown.o
         2          0          0          0          0          0   libshutdown2.o
         8          4          0          0         96         68   libspace.o
       238          0          0          0          0        100   lludivv7m.o
         0          0          0          0          0          0   maybetermalloc1.o
         8          4          0          0          0         68   rt_heap_descriptor_intlibspace.o
        68          0          0          0          0         68   rt_memclr.o
        78          0          0          0          0         80   rt_memclr_w.o
       100          0          0          0          0         80   rt_memcpy_w.o
         2          0          0          0          0          0   rtexit.o
        10          0          0          0          0          0   rtexit2.o
        12          4          0          0          0         68   sys_exit.o
        74          0          0          0          0         80   sys_stackheap_outer.o
        14          0          0          0          0         76   sys_wrch.o
         2          0          0          0          0         68   use_no_semi.o
        98          4          0          0          0        140   d2f.o
        24          0          0          0          0        116   dcmpi.o
       688        140          0          0          0        256   ddiv.o
        38          0          0          0          0        116   dflt_clz.o
       120          4          0          0          0        140   dleqf.o
       340         12          0          0          0        152   dmul.o
       156          4          0          0          0        140   dnaninf.o
        12          0          0          0          0        116   dretinf.o
        86          4          0          0          0        132   f2d.o
       140          4          0          0          0        132   fnaninf.o
        10          0          0          0          0        116   fpinit.o
        10          0          0          0          0        116   fretinf.o
         0          0          0          0          0          0   usenofp.o
        20          0          0          0          0        124   fabs.o

    ----------------------------------------------------------------------
      3144        250          0          0        100       3780   Library Totals
        14          0          0          0          4          0   (incl. Padding)

    ----------------------------------------------------------------------

      Code (inc. data)   RO Data    RW Data    ZI Data      Debug   Library Name

      1388         78          0          0         96       1984   c_w.l
      1722        172          0          0          0       1672   fz_wm.l
        20          0          0          0          0        124   m_wm.l

    ----------------------------------------------------------------------
      3144        250          0          0        100       3780   Library Totals

    ----------------------------------------------------------------------

==============================================================================


      Code (inc. data)   RO Data    RW Data    ZI Data      Debug   

     31756       2040        696        932      19884    2279188   Grand Totals
     31756       2040        696        140      19884    2279188   ELF Image Totals (compressed)
     31756       2040        696        140          0          0   ROM Totals

==============================================================================

    Total RO  Size (Code + RO Data)                32452 (  31.69kB)
    Total RW  Size (RW Data + ZI Data)             20816 (  20.33kB)
    Total ROM Size (Code + RO Data + RW Data)      32592 (  31.83kB)

==============================================================================

